BL51 BANKED LINKER/LOCATER V5.02                                                        11/06/2013  20:19:18  PAGE 1


BL51 BANKED LINKER/LOCATER V5.02, INVOKED BY:
D:\KEIL1\C51\BIN\BL51.EXE sd.obj TO sd RAMSIZE (256)


MEMORY MODEL: LARGE


INPUT MODULES INCLUDED:
  sd.obj (SD)
  D:\KEIL1\C51\LIB\C51L.LIB (?C_STARTUP)
  D:\KEIL1\C51\LIB\C51L.LIB (?C?CLDPTR)
  D:\KEIL1\C51\LIB\C51L.LIB (?C?CLDOPTR)
  D:\KEIL1\C51\LIB\C51L.LIB (?C?CSTPTR)
  D:\KEIL1\C51\LIB\C51L.LIB (?C?IILDX)
  D:\KEIL1\C51\LIB\C51L.LIB (?C?ILDIX)
  D:\KEIL1\C51\LIB\C51L.LIB (?C?LMUL)
  D:\KEIL1\C51\LIB\C51L.LIB (?C?ULCMP)
  D:\KEIL1\C51\LIB\C51L.LIB (?C?LSTXDATA)
  D:\KEIL1\C51\LIB\C51L.LIB (?C?LSTKXDATA)


LINK MAP OF MODULE:  sd (SD)


            TYPE    BASE      LENGTH    RELOCATION   SEGMENT NAME
            -----------------------------------------------------

            * * * * * * *   D A T A   M E M O R Y   * * * * * * *
            REG     0000H     0008H     ABSOLUTE     "REG BANK 0"
            IDATA   0008H     0001H     UNIT         ?STACK

            * * * * * * *  X D A T A   M E M O R Y  * * * * * * *
            XDATA   0000H     0200H     UNIT         ?XD?SD
            XDATA   0200H     0021H     UNIT         _XDATA_GROUP_
            XDATA   0221H     000CH     UNIT         ?XD?_CIRCLE_SQUARE_COORDINATE_SETTING?SD
            XDATA   022DH     000CH     UNIT         ?XD?_DRAW_TRIANGLE_3POINT_COORDINATE?SD
            XDATA   0239H     0009H     UNIT         ?XD?_BTE_SOURCE_DESTINATION?SD
            XDATA   0242H     0009H     UNIT         ?XD?_SDWRITEBLOCK?SD
            XDATA   024BH     0008H     UNIT         ?XD?_SCROLL_WINDOW?SD
            XDATA   0253H     0008H     UNIT         ?XD?_GEOMETRIC_COORDINATE?SD
            XDATA   025BH     0008H     UNIT         ?XD?_ELLIPSE_COORDINATE_SETTING?SD
            XDATA   0263H     0004H     UNIT         ?XD?_CIRCLE_COORDINATE_RADIUS?SD
            XDATA   0267H     0004H     UNIT         ?XD?_SHOW_STRING?SD
            XDATA   026BH     0001H     UNIT         ?XD?_PCLK_WIDTH?SD
            XDATA   026CH     0001H     UNIT         ?XD?_FONT_SPACING_SET?SD
            XDATA   026DH     0001H     UNIT         ?XD?_PATTERN_SET_NUMBER?SD
            XDATA   026EH     0001H     UNIT         ?XD?_PWM2_CLOCK_RATIO?SD
            XDATA   026FH     0001H     UNIT         ?XD?_DRAW_ELLIPSE_CURVE_PART?SD
            XDATA   0270H     0001H     UNIT         ?XD?_KEY_SCAN_SETTING?SD
            XDATA   0271H     0001H     UNIT         ?XD?_LONG_KEY_TIMING_ADJUSTMENT?SD

            * * * * * * *   C O D E   M E M O R Y   * * * * * * *
            CODE    0000H     0003H     ABSOLUTE     
            CODE    0003H     BB80H     UNIT         ?CO?SD
            CODE    BB83H     0256H     UNIT         ?PR?DISPRGBGRAY?SD
            CODE    BDD9H     017FH     UNIT         ?PR?_SHOW_PIC?SD
            CODE    BF58H     0135H     UNIT         ?PR?DISPLAY_JPG?SD
            CODE    C08DH     0121H     UNIT         ?C?LIB_CODE
BL51 BANKED LINKER/LOCATER V5.02                                                      11/06/2013  20:19:18  PAGE 2


            CODE    C1AEH     0120H     UNIT         ?PR?RA8875_INITIAL?SD
            CODE    C2CEH     00BAH     UNIT         ?PR?_BTE_SOURCE_DESTINATION?SD
            CODE    C388H     00BAH     UNIT         ?PR?_DRAW_TRIANGLE_3POINT_COORDINATE?SD
            CODE    C442H     00B0H     UNIT         ?PR?_SDWRITEBLOCK?SD
            CODE    C4F2H     00A5H     UNIT         ?PR?_CIRCLE_SQUARE_COORDINATE_SETTING?SD
            CODE    C597H     00A5H     UNIT         ?PR?_LCD_FULL?SD
            CODE    C63CH     0091H     UNIT         ?PR?_ACTIVE_WINDOW?SD
            CODE    C6CDH     008EH     UNIT         ?PR?MAIN?SD
            CODE    C75BH     008BH     UNIT         ?PR?_SDREADBLOCK?SD
            CODE    C7E6H     007CH     UNIT         ?PR?_SCROLL_WINDOW?SD
            CODE    C862H     007CH     UNIT         ?PR?_ELLIPSE_COORDINATE_SETTING?SD
            CODE    C8DEH     006BH     UNIT         ?PR?SDINIT?SD
            CODE    C949H     0067H     UNIT         ?PR?_GEOMETRIC_COORDINATE?SD
            CODE    C9B0H     0059H     UNIT         ?PR?_LCD_ALL?SD
            CODE    CA09H     0058H     UNIT         ?PR?_CIRCLE_COORDINATE_RADIUS?SD
            CODE    CA61H     0045H     UNIT         ?PR?_SHOW_STRING?SD
            CODE    CAA6H     003EH     UNIT         ?PR?_TEXT_COLOR?SD
            CODE    CAE4H     0039H     UNIT         ?PR?_BACKGROUND_COLOR?SD
            CODE    CB1DH     0034H     UNIT         ?PR?_LCD_SETPOS?SD
            CODE    CB51H     0032H     UNIT         ?PR?LCD_DATAREAD?SD
            CODE    CB83H     0030H     UNIT         ?PR?_WRITE_COMMAND?SD
            CODE    CBB3H     0030H     UNIT         ?PR?_WRITE_DATA_INT?SD
            CODE    CBE3H     002FH     UNIT         ?PR?_SCROLL_OFFSET?SD
            CODE    CC12H     002FH     UNIT         ?PR?_FONT_COORDINATE?SD
            CODE    CC41H     002FH     UNIT         ?PR?_MEMORY_READ_COORDINATE?SD
            CODE    CC70H     002FH     UNIT         ?PR?_BTE_SIZE_SETTING?SD
            CODE    CC9FH     002FH     UNIT         ?PR?_GRAPHIC_CURSOR_COORDINATE?SD
            CODE    CCCEH     002FH     UNIT         ?PR?_FLOATING_WINDOW_START_POINT?SD
            CODE    CCFDH     002FH     UNIT         ?PR?_FLOATING_WINDOW_SIZE?SD
            CODE    CD2CH     002FH     UNIT         ?PR?_FLOATING_WINDOW_DISPLAY_POINT?SD
            CODE    CD5BH     002AH     UNIT         ?PR?_TEXT_FOREGROUND_COLOR?SD
            CODE    CD85H     002AH     UNIT         ?PR?_BTE_FOREGROUND_COLOR?SD
            CODE    CDAFH     0027H     UNIT         ?PR?_WRITE_DATA_BYTE?SD
            CODE    CDD6H     0027H     UNIT         ?PR?_SDCOMMAND?SD
            CODE    CDFDH     0024H     UNIT         ?PR?_BACKGROUNDCOLOR_TRANSPARENTMODE?SD
            CODE    CE21H     0021H     UNIT         ?PR?LCD_STATUSREAD?SD
            CODE    CE42H     001EH     UNIT         ?PR?_DELAY?SD
            CODE    CE60H     001EH     UNIT         ?PR?_FONT_SPACING_SET?SD
            CODE    CE7EH     001EH     UNIT         ?PR?_PWM1_CLOCK_RATIO?SD
            CODE    CE9CH     001EH     UNIT         ?PR?_PWM2_CLOCK_RATIO?SD
            CODE    CEBAH     001EH     UNIT         ?PR?_DRAW_ELLIPSE_CURVE_PART?SD
            CODE    CED8H     001EH     UNIT         ?PR?_KEY_SCAN_SETTING?SD
            CODE    CEF6H     001CH     UNIT         ?PR?_PCLK_WIDTH?SD
            CODE    CF12H     001CH     UNIT         ?PR?COLOR_65K?SD
            CODE    CF2EH     001CH     UNIT         ?PR?_PATTERN_SET_NUMBER?SD
            CODE    CF4AH     001AH     UNIT         ?PR?_LONG_KEY_TIMING_ADJUSTMENT?SD
            CODE    CF64H     001AH     UNIT         ?PR?_SDWRITE?SD
            CODE    CF7EH     001AH     UNIT         ?PR?SDRESPONSE?SD
            CODE    CF98H     0015H     UNIT         ?PR?SERIAL_ROM_DUAL_MODE1?SD
            CODE    CFADH     0014H     UNIT         ?PR?MEMORY_CLEAR?SD
            CODE    CFC1H     0013H     UNIT         ?PR?SERIAL_ROM_READ_CYCLE_5BUS?SD
            CODE    CFD4H     0013H     UNIT         ?PR?SERIAL_ROM_READ_CYCLE_6BUS?SD
            CODE    CFE7H     0013H     UNIT         ?PR?SERIAL_ROM_DUAL_MODE0?SD
            CODE    CFFAH     0013H     UNIT         ?PR?ISO8859_2?SD
            CODE    D00DH     0013H     UNIT         ?PR?ISO8859_3?SD
            CODE    D020H     0013H     UNIT         ?PR?ISO8859_4?SD
            CODE    D033H     0013H     UNIT         ?PR?HORIZONTAL_FONTENLARGE_X2?SD
BL51 BANKED LINKER/LOCATER V5.02                                                      11/06/2013  20:19:18  PAGE 3


            CODE    D046H     0013H     UNIT         ?PR?HORIZONTAL_FONTENLARGE_X3?SD
            CODE    D059H     0013H     UNIT         ?PR?HORIZONTAL_FONTENLARGE_X4?SD
            CODE    D06CH     0013H     UNIT         ?PR?VERTICAL_FONTENLARGE_X2?SD
            CODE    D07FH     0013H     UNIT         ?PR?VERTICAL_FONTENLARGE_X3?SD
            CODE    D092H     0013H     UNIT         ?PR?VERTICAL_FONTENLARGE_X4?SD
            CODE    D0A5H     0013H     UNIT         ?PR?FONT_SIZE_24X24_12X24?SD
            CODE    D0B8H     0013H     UNIT         ?PR?FONT_SIZE_32X32_16X32?SD
            CODE    D0CBH     0013H     UNIT         ?PR?MEMORY_WRITE_RIGHTLEFT_TOPDOWN?SD
            CODE    D0DEH     0013H     UNIT         ?PR?MEMORY_WRITE_DOWNTOP_LEFTRIGHT?SD
            CODE    D0F1H     0013H     UNIT         ?PR?MEMORY_WRITE_TOPDOWN_LEFTRIGHT?SD
            CODE    D104H     0013H     UNIT         ?PR?GRAPHIC_CURSOR_SET2?SD
            CODE    D117H     0013H     UNIT         ?PR?GRAPHIC_CURSOR_SET3?SD
            CODE    D12AH     0013H     UNIT         ?PR?GRAPHIC_CURSOR_SET4?SD
            CODE    D13DH     0013H     UNIT         ?PR?GRAPHIC_CURSOR_SET5?SD
            CODE    D150H     0013H     UNIT         ?PR?GRAPHIC_CURSOR_SET6?SD
            CODE    D163H     0013H     UNIT         ?PR?GRAPHIC_CURSOR_SET7?SD
            CODE    D176H     0013H     UNIT         ?PR?GRAPHIC_CURSOR_SET8?SD
            CODE    D189H     0013H     UNIT         ?PR?WRITE_TO_CGRAM?SD
            CODE    D19CH     0013H     UNIT         ?PR?WRITE_TO_GRAPHICCURSOR?SD
            CODE    D1AFH     0013H     UNIT         ?PR?WRITE_TO_PATTERN?SD
            CODE    D1C2H     0013H     UNIT         ?PR?LAYER2_VISIBLE?SD
            CODE    D1D5H     0013H     UNIT         ?PR?TRANSPARENT_MODE?SD
            CODE    D1E8H     0013H     UNIT         ?PR?LIGHTEN_OVERLAY_MODE?SD
            CODE    D1FBH     0013H     UNIT         ?PR?BOOLEAN_OR?SD
            CODE    D20EH     0013H     UNIT         ?PR?BOOLEAN_AND?SD
            CODE    D221H     0013H     UNIT         ?PR?FLOATING_WINDOW_MODE?SD
            CODE    D234H     0013H     UNIT         ?PR?LAYER1_SCROLL?SD
            CODE    D247H     0013H     UNIT         ?PR?LAYER2_SCROLL?SD
            CODE    D25AH     0013H     UNIT         ?PR?BUFFER_SCROLL?SD
            CODE    D26DH     0013H     UNIT         ?PR?TP_EVENT_MODE?SD
            CODE    D280H     0013H     UNIT         ?PR?TP_LATCH_X?SD
            CODE    D293H     0013H     UNIT         ?PR?TP_LATCH_Y?SD
            CODE    D2A6H     0013H     UNIT         ?PR?DRAW_ELLIPSE_CURVE?SD
            CODE    D2B9H     0013H     UNIT         ?PR?DRAW_ELLIPSE_CURVE_FILL?SD
            CODE    D2CCH     0013H     UNIT         ?PR?SDREAD?SD
            CODE    D2DFH     0012H     UNIT         ?PR?SOFTWARE_RESET?SD
            CODE    D2F1H     0011H     UNIT         ?PR?PCLK_INVERSION?SD
            CODE    D302H     0011H     UNIT         ?PR?PCLK_NON_INVERSION?SD
            CODE    D313H     0011H     UNIT         ?PR?SERIAL_ROM_SELECT0?SD
            CODE    D324H     0011H     UNIT         ?PR?SERIAL_ROM_SELECT1?SD
            CODE    D335H     0011H     UNIT         ?PR?SERIAL_ROM_ADDRESS_SET_24BIT?SD
            CODE    D346H     0011H     UNIT         ?PR?SERIAL_ROM_ADDRESS_SET_32BIT?SD
            CODE    D357H     0011H     UNIT         ?PR?SELECT_SERIAL_WAVEFORM_MODE0?SD
            CODE    D368H     0011H     UNIT         ?PR?SELECT_SERIAL_WAVEFORM_MODE3?SD
            CODE    D379H     0011H     UNIT         ?PR?SERIAL_ROM_READ_CYCLE_4BUS?SD
            CODE    D38AH     0011H     UNIT         ?PR?SERIAL_ROM_FONT_MODE?SD
            CODE    D39BH     0011H     UNIT         ?PR?SERIAL_ROM_DMA_MODE?SD
            CODE    D3ACH     0011H     UNIT         ?PR?SERIAL_ROM_SIGNAL_MODE?SD
            CODE    D3BDH     0011H     UNIT         ?PR?COLOR_256?SD
            CODE    D3CEH     0011H     UNIT         ?PR?MPU_8BIT_INTERFACE?SD
            CODE    D3DFH     0011H     UNIT         ?PR?MPU_16BIT_INTERFACE?SD
            CODE    D3F0H     0011H     UNIT         ?PR?ONE_LAYER?SD
            CODE    D401H     0011H     UNIT         ?PR?TWO_LAYERS?SD
            CODE    D412H     0011H     UNIT         ?PR?HDIR_SEG0_SEGN?SD
            CODE    D423H     0011H     UNIT         ?PR?HDIR_SEGN_SEG0?SD
            CODE    D434H     0011H     UNIT         ?PR?VDIR_COM0_COMN?SD
            CODE    D445H     0011H     UNIT         ?PR?VDIR_COMN_COM0?SD
BL51 BANKED LINKER/LOCATER V5.02                                                      11/06/2013  20:19:18  PAGE 4


            CODE    D456H     0011H     UNIT         ?PR?CGROM_FONT?SD
            CODE    D467H     0011H     UNIT         ?PR?CGRAM_FONT?SD
            CODE    D478H     0011H     UNIT         ?PR?INTERNAL_CGROM?SD
            CODE    D489H     0011H     UNIT         ?PR?EXTERNAL_CGROM?SD
            CODE    D49AH     0011H     UNIT         ?PR?ISO8859_1?SD
            CODE    D4ABH     0011H     UNIT         ?PR?NO_FULLALIGNMENT?SD
            CODE    D4BCH     0011H     UNIT         ?PR?FULLALIGNMENT?SD
            CODE    D4CDH     0011H     UNIT         ?PR?FONT_WITH_BACKGROUNDCOLOR?SD
            CODE    D4DEH     0011H     UNIT         ?PR?FONT_WITH_BACKGROUNDTRANSPARENCY?SD
            CODE    D4EFH     0011H     UNIT         ?PR?NOROTATE_FONT?SD
            CODE    D500H     0011H     UNIT         ?PR?ROTATE90_FONT?SD
            CODE    D511H     0011H     UNIT         ?PR?HORIZONTAL_FONTENLARGE_X1?SD
            CODE    D522H     0011H     UNIT         ?PR?VERTICAL_FONTENLARGE_X1?SD
            CODE    D533H     0011H     UNIT         ?PR?FONT_SIZE_16X16_8X16?SD
            CODE    D544H     0011H     UNIT         ?PR?GRAPHIC_MODE?SD
            CODE    D555H     0011H     UNIT         ?PR?TEXT_MODE?SD
            CODE    D566H     0011H     UNIT         ?PR?TEXT_CURSOR_DISABLE?SD
            CODE    D577H     0011H     UNIT         ?PR?TEXT_CURSOR_ENABLE?SD
            CODE    D588H     0011H     UNIT         ?PR?TEXT_CURSOR_BLINK_DISABLE?SD
            CODE    D599H     0011H     UNIT         ?PR?TEXT_CURSOR_BLINK_ENABLE?SD
            CODE    D5AAH     0011H     UNIT         ?PR?MEMORY_WRITE_LEFTRIGHT_TOPDOWN?SD
            CODE    D5BBH     0011H     UNIT         ?PR?MEMORYWRITE_CURSOR_AUTOINCREASE?SD
            CODE    D5CCH     0011H     UNIT         ?PR?MEMORYWRITE_CURSOR_NOAUTOINCREASE?SD
            CODE    D5DDH     0011H     UNIT         ?PR?MEMORYREAD_CURSOR_AUTOINCREASE?SD
            CODE    D5EEH     0011H     UNIT         ?PR?MEMORYREAD_CURSOR_NOAUTOINCREASE?SD
            CODE    D5FFH     0011H     UNIT         ?PR?NO_GRAPHIC_CURSOR?SD
            CODE    D610H     0011H     UNIT         ?PR?GRAPHIC_CURSOR?SD
            CODE    D621H     0011H     UNIT         ?PR?GRAPHIC_CURSOR_SET1?SD
            CODE    D632H     0011H     UNIT         ?PR?WRITE_TO_BANK1AND2?SD
            CODE    D643H     0011H     UNIT         ?PR?WRITE_TO_BANK1?SD
            CODE    D654H     0011H     UNIT         ?PR?WRITE_TO_BANK2?SD
            CODE    D665H     0011H     UNIT         ?PR?MEMORY_READ_LEFTRIGHT_TOPDOWN?SD
            CODE    D676H     0011H     UNIT         ?PR?MEMORY_READ_RIGHTLEFT_TOPDOWN?SD
            CODE    D687H     0011H     UNIT         ?PR?MEMORY_READ_TOPDOWN_LEFTRIGHT?SD
            CODE    D698H     0011H     UNIT         ?PR?MEMORY_READ_DOWNTOP_LEFTRIGHT?SD
            CODE    D6A9H     0011H     UNIT         ?PR?NO_BTE_WRITE?SD
            CODE    D6BAH     0011H     UNIT         ?PR?BTE_ENABLE?SD
            CODE    D6CBH     0011H     UNIT         ?PR?BTE_CONTIGUOUS_DATA?SD
            CODE    D6DCH     0011H     UNIT         ?PR?BTE_RECTANGULAR_DATA?SD
            CODE    D6EDH     0011H     UNIT         ?PR?LAYER1_VISIBLE?SD
            CODE    D6FEH     0011H     UNIT         ?PR?FLOATING_WINDOW_TRANSPARENT_WITH_BGTR_ENABLE?SD
            CODE    D70FH     0011H     UNIT         ?PR?FLOATING_WINDOW_TRANSPARENT_WITH_BGTR_DISABLE?SD
            CODE    D720H     0011H     UNIT         ?PR?LAYER1_2_SCROLL?SD
            CODE    D731H     0011H     UNIT         ?PR?SOURCE_LAYER1?SD
            CODE    D742H     0011H     UNIT         ?PR?SOURCE_LAYER2?SD
            CODE    D753H     0011H     UNIT         ?PR?DESTINATION_LAYER1?SD
            CODE    D764H     0011H     UNIT         ?PR?DESTINATION_LAYER2?SD
            CODE    D775H     0011H     UNIT         ?PR?PATTERN_SET_8X8?SD
            CODE    D786H     0011H     UNIT         ?PR?PATTERN_SET_16X16?SD
            CODE    D797H     0011H     UNIT         ?PR?ENABLE_TP?SD
            CODE    D7A8H     0011H     UNIT         ?PR?DISABLE_TP?SD
            CODE    D7B9H     0011H     UNIT         ?PR?ENABLE_TOUCH_WAKEUP?SD
            CODE    D7CAH     0011H     UNIT         ?PR?DISABLE_TOUCH_WAKEUP?SD
            CODE    D7DBH     0011H     UNIT         ?PR?TP_MANUAL_MODE?SD
            CODE    D7ECH     0011H     UNIT         ?PR?TP_AUTO_MODE?SD
            CODE    D7FDH     0011H     UNIT         ?PR?TP_IDLE_MODE?SD
            CODE    D80EH     0011H     UNIT         ?PR?PWM1_ENABLE?SD
BL51 BANKED LINKER/LOCATER V5.02                                                      11/06/2013  20:19:18  PAGE 5


            CODE    D81FH     0011H     UNIT         ?PR?PWM1_DISABLE?SD
            CODE    D830H     0011H     UNIT         ?PR?PWM1_DISABLE_LEVEL_LOW?SD
            CODE    D841H     0011H     UNIT         ?PR?PWM1_DISABLE_LEVEL_HIGH?SD
            CODE    D852H     0011H     UNIT         ?PR?PWM1_FNUCTION_SEL?SD
            CODE    D863H     0011H     UNIT         ?PR?PWM1_SYSTEM_CLK_OUT?SD
            CODE    D874H     0011H     UNIT         ?PR?PWM2_ENABLE?SD
            CODE    D885H     0011H     UNIT         ?PR?PWM2_DISABLE?SD
            CODE    D896H     0011H     UNIT         ?PR?PWM2_DISABLE_LEVEL_LOW?SD
            CODE    D8A7H     0011H     UNIT         ?PR?PWM2_DISABLE_LEVEL_HIGH?SD
            CODE    D8B8H     0011H     UNIT         ?PR?PWM2_FNUCTION_SEL?SD
            CODE    D8C9H     0011H     UNIT         ?PR?PWM2_SYSTEM_CLK_OUT?SD
            CODE    D8DAH     0011H     UNIT         ?PR?STOP_MEMORY_CLEAR?SD
            CODE    D8EBH     0011H     UNIT         ?PR?CLEAR_FULL_WINDOW?SD
            CODE    D8FCH     0011H     UNIT         ?PR?CLEAR_ACTIVE_WINDOW?SD
            CODE    D90DH     0011H     UNIT         ?PR?DRAW_SQUARE?SD
            CODE    D91EH     0011H     UNIT         ?PR?DRAW_SQUARE_FILL?SD
            CODE    D92FH     0011H     UNIT         ?PR?DRAW_TRIANGLE_FILL?SD
            CODE    D940H     0011H     UNIT         ?PR?DRAW_ELLIPSE_FILL?SD
            CODE    D951H     0011H     UNIT         ?PR?DRAW_CIRCLE_SQUARE?SD
            CODE    D962H     0011H     UNIT         ?PR?DRAW_CIRCLE_SQUARE_FILL?SD
            CODE    D973H     0011H     UNIT         ?PR?KEY_SCAN_ENABLE?SD
            CODE    D984H     0011H     UNIT         ?PR?LONG_KEY_SCAN_ENABLE?SD
            CODE    D995H     0011H     UNIT         ?PR?KEY_SCAN_WAKEUP_FUNCTION_ENABLE?SD
            CODE    D9A6H     0011H     UNIT         ?PR?KEYSCAN_INTERRUPT_ENABLE?SD
            CODE    D9B7H     0011H     UNIT         ?PR?KEYSCAN_INTERRUPT_DISABLE?SD
            CODE    D9C8H     0011H     UNIT         ?PR?DMA_INTERRUPT_ENABLE?SD
            CODE    D9D9H     0011H     UNIT         ?PR?DMA_INTERRUPT_DISABLE?SD
            CODE    D9EAH     0011H     UNIT         ?PR?TOUCH_PANEL_INTERRUPT_ENABLE?SD
            CODE    D9FBH     0011H     UNIT         ?PR?TOUCH_PANEL_INTERRUPT_DISABLE?SD
            CODE    DA0CH     0011H     UNIT         ?PR?BTE_INTERRUPT_ENABLE?SD
            CODE    DA1DH     0011H     UNIT         ?PR?BTE_INTERRUPT_DISABLE?SD
            CODE    DA2EH     0011H     UNIT         ?PR?FONT_BTE_READ_WRITE_INTERRUPT_ENABLE?SD
            CODE    DA3FH     0011H     UNIT         ?PR?FONT_BTE_READ_WRITE_INTERRUPT_DISABLE?SD
            CODE    DA50H     0011H     UNIT         ?PR?CLEAR_KEYSCAN_INTERRUPT?SD
            CODE    DA61H     0011H     UNIT         ?PR?CLEAR_DMA_INTERRUPT?SD
            CODE    DA72H     0011H     UNIT         ?PR?CLEAR_TP_INTERRUPT?SD
            CODE    DA83H     0011H     UNIT         ?PR?CLEAR_BTE_INTERRUPT?SD
            CODE    DA94H     0011H     UNIT         ?PR?CLEAR_FONT_BTE_READ_WRITE_INTERRUPT?SD
            CODE    DAA5H     0010H     UNIT         ?PR?DRAW_LINE?SD
            CODE    DAB5H     0010H     UNIT         ?PR?DRAW_TRIANGLE?SD
            CODE    DAC5H     0010H     UNIT         ?PR?DRAW_ELLIPSE?SD
            CODE    DAD5H     0010H     UNIT         ?PR?KEYSCAN_STATUS?SD
            CODE    DAE5H     0010H     UNIT         ?PR?DMA_STATUS?SD
            CODE    DAF5H     0010H     UNIT         ?PR?TOUCH_STATUS?SD
            CODE    DB05H     0010H     UNIT         ?PR?BTE_STATUS?SD
            CODE    DB15H     0010H     UNIT         ?PR?FONT_BTE_READ_WRITE_STATUS?SD
            CODE    DB25H     000EH     UNIT         ?PR?_SROM_CLK_DIV?SD
            CODE    DB33H     000EH     UNIT         ?PR?_GPO_DATA?SD
            CODE    DB41H     000EH     UNIT         ?PR?_CGRAM_SELECT_NUMBER?SD
            CODE    DB4FH     000EH     UNIT         ?PR?_LINE_DISTANCE?SD
            CODE    DB5DH     000EH     UNIT         ?PR?GT_SERIAL_ROM_SELECT_GT23L16U2W?SD
            CODE    DB6BH     000EH     UNIT         ?PR?GT_SERIAL_ROM_SELECT_GT23L24T3Y?SD
            CODE    DB79H     000EH     UNIT         ?PR?GT_SERIAL_ROM_SELECT_GT23L24M1Z?SD
            CODE    DB87H     000EH     UNIT         ?PR?GT_SERIAL_ROM_SELECT_GT23L32S4W?SD
            CODE    DB95H     000EH     UNIT         ?PR?FONT_CODE_GB12345?SD
            CODE    DBA3H     000EH     UNIT         ?PR?FONT_CODE_BIG5?SD
            CODE    DBB1H     000EH     UNIT         ?PR?FONT_CODE_UNICODE?SD
BL51 BANKED LINKER/LOCATER V5.02                                                      11/06/2013  20:19:18  PAGE 6


            CODE    DBBFH     000EH     UNIT         ?PR?FONT_CODE_ASCII?SD
            CODE    DBCDH     000EH     UNIT         ?PR?FONT_CODE_UNIJIS?SD
            CODE    DBDBH     000EH     UNIT         ?PR?FONT_CODE_JIS0208?SD
            CODE    DBE9H     000EH     UNIT         ?PR?FONT_CODE_LATIN?SD
            CODE    DBF7H     000EH     UNIT         ?PR?FONT_ARIAL?SD
            CODE    DC05H     000EH     UNIT         ?PR?FONT_ROMAN?SD
            CODE    DC13H     000EH     UNIT         ?PR?FONT_BOLD?SD
            CODE    DC21H     000EH     UNIT         ?PR?_TEXT_BLINK_TIME?SD
            CODE    DC2FH     000EH     UNIT         ?PR?_TEXT_CURSOR_HORIZONTAL_SIZE?SD
            CODE    DC3DH     000EH     UNIT         ?PR?_TEXT_CURSOR_VERTICAL_SIZE?SD
            CODE    DC4BH     000EH     UNIT         ?PR?_BTE_ROP_CODE?SD
            CODE    DC59H     000EH     UNIT         ?PR?_LAYER2_1_TRANSPARENCY?SD
            CODE    DC67H     000EH     UNIT         ?PR?_BTE_BACKGROUND_RED?SD
            CODE    DC75H     000EH     UNIT         ?PR?_BTE_BACKGROUND_GREEN?SD
            CODE    DC83H     000EH     UNIT         ?PR?_BTE_BACKGROUND_BLUE?SD
            CODE    DC91H     000EH     UNIT         ?PR?_BTE_FOREGROUND_RED?SD
            CODE    DC9FH     000EH     UNIT         ?PR?_BTE_FOREGROUND_GREEN?SD
            CODE    DCADH     000EH     UNIT         ?PR?_BTE_FOREGROUND_BLUE?SD
            CODE    DCBBH     000EH     UNIT         ?PR?_GRAPHIC_CURSOR_COLOR_0?SD
            CODE    DCC9H     000EH     UNIT         ?PR?_GRAPHIC_CURSOR_COLOR_1?SD
            CODE    DCD7H     000EH     UNIT         ?PR?_PWM1_DUTY_CYCLE?SD
            CODE    DCE5H     000EH     UNIT         ?PR?_PWM2_DUTY_CYCLE?SD
            CODE    DCF3H     000DH     UNIT         ?PR?CHK_DMA_BUSY?SD
            CODE    DD00H     000CH     UNIT         ?PR?DISPLAY_ON?SD
            CODE    DD0CH     000CH     UNIT         ?PR?GT_SERIAL_ROM_SELECT_GT21L16T1W?SD
            CODE    DD18H     000CH     UNIT         ?PR?FONT_CODE_GB2312?SD
            CODE    DD24H     000CH     UNIT         ?PR?FONT_STANDARD?SD
            CODE    DD30H     000CH     UNIT         ?PR?DRAW_CIRCLE?SD
            CODE    DD3CH     000CH     UNIT         ?PR?DRAW_CIRCLE_FILL?SD
            CODE    DD48H     000CH     UNIT         ?PR?SERIAL_ROM_DIRECT_ACCESS_MODE_ENABLE?SD
            CODE    DD54H     000CH     UNIT         ?C_C51STARTUP
            CODE    DD60H     000BH     UNIT         ?PR?DISPLAY_OFF?SD
            CODE    DD6BH     000BH     UNIT         ?PR?NORMAL_MODE_EXITSLEEP?SD
            CODE    DD76H     000BH     UNIT         ?PR?SLEEP_MODE?SD
            CODE    DD81H     000BH     UNIT         ?PR?SERIAL_ROM_DIRECT_ACCESS_MODE_DISABLE?SD
            CODE    DD8CH     000AH     UNIT         ?PR?_TEXT_BACKGROUND_COLOR?SD
            CODE    DD96H     000AH     UNIT         ?PR?_BTE_BACKGROUND_COLOR?SD
            CODE    DDA0H     0009H     UNIT         ?PR?GPI_DATA?SD
            CODE    DDA9H     0009H     UNIT         ?PR?ADC_X?SD
            CODE    DDB2H     0009H     UNIT         ?PR?ADC_Y?SD
            CODE    DDBBH     0009H     UNIT         ?PR?ADC_XY?SD
            CODE    DDC4H     0009H     UNIT         ?PR?DIRECT_ACCESS_MODE_READ_DATA_BUFFER?SD
            CODE    DDCDH     0008H     UNIT         ?PR?CHK_BUSY?SD
            CODE    DDD5H     0008H     UNIT         ?PR?CHK_BUSY_BTE?SD
            CODE    DDDDH     0008H     UNIT         ?PR?CHK_BUSY_DIR_ACCESS?SD
            CODE    DDE5H     0004H     UNIT         ?PR?CHK_WAIT?SD
            CODE    DDE9H     0002H     UNIT         ?PR?_DELAYUS?SD



OVERLAY MAP OF MODULE:   sd (SD)


SEGMENT                                            XDATA_GROUP
  +--> CALLED SEGMENT                            START    LENGTH
----------------------------------------------------------------
?C_C51STARTUP                                    -----    -----
BL51 BANKED LINKER/LOCATER V5.02                                                      11/06/2013  20:19:18  PAGE 7


  +--> ?PR?MAIN?SD

?PR?MAIN?SD                                      -----    -----
  +--> ?PR?_DELAY?SD
  +--> ?PR?RA8875_INITIAL?SD
  +--> ?PR?GRAPHIC_MODE?SD
  +--> ?PR?CLEAR_FULL_WINDOW?SD
  +--> ?PR?SDINIT?SD
  +--> ?PR?DISPLAY_JPG?SD
  +--> ?PR?_LCD_FULL?SD
  +--> ?PR?_LCD_ALL?SD
  +--> ?PR?DISPRGBGRAY?SD
  +--> ?CO?SD
  +--> ?PR?_SHOW_PIC?SD

?PR?RA8875_INITIAL?SD                            -----    -----
  +--> ?PR?SOFTWARE_RESET?SD
  +--> ?PR?_WRITE_COMMAND?SD
  +--> ?PR?_WRITE_DATA_INT?SD
  +--> ?PR?_DELAY?SD
  +--> ?PR?PWM1_ENABLE?SD
  +--> ?PR?PWM1_FNUCTION_SEL?SD
  +--> ?PR?_PWM1_CLOCK_RATIO?SD
  +--> ?PR?_PWM1_DUTY_CYCLE?SD

?PR?SOFTWARE_RESET?SD                            -----    -----
  +--> ?PR?_WRITE_COMMAND?SD
  +--> ?PR?_WRITE_DATA_INT?SD
  +--> ?PR?_DELAY?SD

?PR?_WRITE_COMMAND?SD                            -----    -----
  +--> ?PR?_WRITE_DATA_INT?SD

?PR?PWM1_ENABLE?SD                               -----    -----
  +--> ?PR?_WRITE_COMMAND?SD
  +--> ?PR?LCD_DATAREAD?SD
  +--> ?PR?_WRITE_DATA_INT?SD

?PR?LCD_DATAREAD?SD                              -----    -----
  +--> ?PR?_WRITE_COMMAND?SD
  +--> ?PR?CHK_WAIT?SD

?PR?PWM1_FNUCTION_SEL?SD                         -----    -----
  +--> ?PR?_WRITE_COMMAND?SD
  +--> ?PR?LCD_DATAREAD?SD
  +--> ?PR?_WRITE_DATA_INT?SD

?PR?_PWM1_CLOCK_RATIO?SD                         0200H    0001H
  +--> ?PR?_WRITE_COMMAND?SD
  +--> ?PR?LCD_DATAREAD?SD
  +--> ?PR?_WRITE_DATA_INT?SD

?PR?_PWM1_DUTY_CYCLE?SD                          -----    -----
  +--> ?PR?_WRITE_COMMAND?SD
  +--> ?PR?_WRITE_DATA_INT?SD

?PR?GRAPHIC_MODE?SD                              -----    -----
BL51 BANKED LINKER/LOCATER V5.02                                                      11/06/2013  20:19:18  PAGE 8


  +--> ?PR?_WRITE_COMMAND?SD
  +--> ?PR?LCD_DATAREAD?SD
  +--> ?PR?_WRITE_DATA_INT?SD

?PR?CLEAR_FULL_WINDOW?SD                         -----    -----
  +--> ?PR?_WRITE_COMMAND?SD
  +--> ?PR?LCD_DATAREAD?SD
  +--> ?PR?_WRITE_DATA_INT?SD

?PR?SDINIT?SD                                    0200H    0004H
  +--> ?PR?_SDWRITE?SD
  +--> ?PR?SDRESPONSE?SD

?PR?SDRESPONSE?SD                                -----    -----
  +--> ?PR?_SDCOMMAND?SD
  +--> ?PR?SDREAD?SD

?PR?_SDCOMMAND?SD                                0212H    0006H
  +--> ?PR?_SDWRITE?SD

?PR?DISPLAY_JPG?SD                               0200H    0009H
  +--> ?PR?_ACTIVE_WINDOW?SD
  +--> ?PR?_LCD_SETPOS?SD
  +--> ?PR?_SDREADBLOCK?SD
  +--> ?PR?_WRITE_COMMAND?SD
  +--> ?PR?_WRITE_DATA_BYTE?SD

?PR?_ACTIVE_WINDOW?SD                            0219H    0008H
  +--> ?PR?_WRITE_COMMAND?SD
  +--> ?PR?_WRITE_DATA_INT?SD

?PR?_LCD_SETPOS?SD                               -----    -----
  +--> ?PR?_WRITE_COMMAND?SD
  +--> ?PR?_WRITE_DATA_INT?SD

?PR?_SDREADBLOCK?SD                              0209H    0009H
  +--> ?PR?_SDCOMMAND?SD
  +--> ?PR?SDRESPONSE?SD
  +--> ?PR?SDREAD?SD

?PR?_LCD_FULL?SD                                 0200H    0004H
  +--> ?PR?_ACTIVE_WINDOW?SD
  +--> ?PR?_LCD_SETPOS?SD
  +--> ?PR?_WRITE_COMMAND?SD
  +--> ?PR?_WRITE_DATA_INT?SD

?PR?_LCD_ALL?SD                                  0200H    0006H
  +--> ?PR?_ACTIVE_WINDOW?SD
  +--> ?PR?_LCD_SETPOS?SD
  +--> ?PR?_WRITE_COMMAND?SD
  +--> ?PR?_WRITE_DATA_INT?SD

?PR?DISPRGBGRAY?SD                               0200H    000AH
  +--> ?PR?_ACTIVE_WINDOW?SD
  +--> ?PR?_LCD_SETPOS?SD
  +--> ?PR?_WRITE_COMMAND?SD
  +--> ?PR?_WRITE_DATA_BYTE?SD
BL51 BANKED LINKER/LOCATER V5.02                                                      11/06/2013  20:19:18  PAGE 9


  +--> ?PR?_WRITE_DATA_INT?SD

?PR?_SHOW_PIC?SD                                 0200H    0019H
  +--> ?PR?_ACTIVE_WINDOW?SD
  +--> ?PR?_LCD_SETPOS?SD
  +--> ?PR?_WRITE_COMMAND?SD
  +--> ?PR?_WRITE_DATA_BYTE?SD



SYMBOL TABLE OF MODULE:  sd (SD)

  VALUE           TYPE          NAME
  ----------------------------------

  -------         MODULE        SD
  C:0000H         SYMBOL        _ICE_DUMMY_
  C:D1E8H         PUBLIC        Lighten_Overlay_Mode
  C:D189H         PUBLIC        Write_To_CGRAM
  C:CD2CH         PUBLIC        _Floating_window_display_point
  C:DBA3H         PUBLIC        Font_code_BIG5
  C:D3BDH         PUBLIC        Color_256
  D:0080H         PUBLIC        P0
  C:DDA9H         PUBLIC        ADC_X
  C:D0A5H         PUBLIC        Font_size_24x24_12x24
  D:0090H         PUBLIC        P1
  C:DDB2H         PUBLIC        ADC_Y
  C:D1D5H         PUBLIC        Transparent_Mode
  C:DBB1H         PUBLIC        Font_code_UNICODE
  C:DB95H         PUBLIC        Font_code_GB12345
  C:D0B8H         PUBLIC        Font_size_32x32_16x32
  D:00A0H         PUBLIC        P2
  D:00B0H         PUBLIC        P3
  C:D3F0H         PUBLIC        One_Layer
  D:00C0H         PUBLIC        P4
  C:C75BH         PUBLIC        _SdReadBlock
  B:0090H.5       PUBLIC        SD_DI
  C:BB83H         PUBLIC        DispRGBGray
  D:00C8H         PUBLIC        P5
  C:C862H         PUBLIC        _Ellipse_Coordinate_setting
  C:D90DH         PUBLIC        Draw_square
  C:D8FCH         PUBLIC        Clear_Active_Window
  C:D863H         PUBLIC        PWM1_system_clk_out
  C:D731H         PUBLIC        Source_Layer1
  C:D522H         PUBLIC        Vertical_FontEnlarge_x1
  C:D8C9H         PUBLIC        PWM2_system_clk_out
  C:D742H         PUBLIC        Source_Layer2
  C:DC3DH         PUBLIC        _Text_Cursor_Vertical_Size
  C:D06CH         PUBLIC        Vertical_FontEnlarge_x2
  C:D599H         PUBLIC        Text_Cursor_Blink_Enable
  C:D07FH         PUBLIC        Vertical_FontEnlarge_x3
  C:CAA6H         PUBLIC        _Text_color
  C:D092H         PUBLIC        Vertical_FontEnlarge_x4
  B:0090H.6       PUBLIC        SD_DO
  B:0090H.0       PUBLIC        LCD_cs
  C:D0F1H         PUBLIC        Memory_Write_TopDown_LeftRight
  C:D0DEH         PUBLIC        Memory_Write_DownTop_LeftRight
BL51 BANKED LINKER/LOCATER V5.02                                                      11/06/2013  20:19:18  PAGE 10


  C:D0CBH         PUBLIC        Memory_Write_RightLeft_TopDown
  C:D5AAH         PUBLIC        Memory_Write_LeftRight_TopDown
  B:00A0H.6       PUBLIC        BL_ON
  C:CF81H         PUBLIC        SdResponse
  B:0090H.4       PUBLIC        SD_CS
  C:D357H         PUBLIC        Select_Serial_Waveform_mode0
  D:00A8H         PUBLIC        IE
  C:D7DBH         PUBLIC        TP_manual_mode
  C:D555H         PUBLIC        Text_Mode
  C:CEF6H         PUBLIC        _PCLK_width
  C:DDE5H         PUBLIC        Chk_Wait
  C:D91EH         PUBLIC        Draw_square_fill
  C:D830H         PUBLIC        PWM1_disable_level_low
  C:D401H         PUBLIC        Two_Layers
  C:D896H         PUBLIC        PWM2_disable_level_low
  C:D368H         PUBLIC        Select_Serial_Waveform_mode3
  C:DA50H         PUBLIC        Clear_keyscan_interrupt
  C:D38AH         PUBLIC        SERIAL_ROM_Font_mode
  C:D346H         PUBLIC        Serial_ROM_Address_set_32bit
  C:DDDDH         PUBLIC        Chk_Busy_DIR_Access
  C:C442H         PUBLIC        _SdWriteBlock
  C:D335H         PUBLIC        Serial_ROM_Address_set_24bit
  C:D2B9H         PUBLIC        Draw_Ellipse_Curve_Fill
  C:DD60H         PUBLIC        Display_OFF
  C:DC75H         PUBLIC        _BTE_Background_green
  C:D852H         PUBLIC        PWM1_fnuction_sel
  C:D786H         PUBLIC        Pattern_Set_16x16
  C:CF12H         PUBLIC        Color_65K
  D:00B8H         PUBLIC        IP
  C:D8B8H         PUBLIC        PWM2_fnuction_sel
  X:0000H         PUBLIC        DATA
  C:DAA5H         PUBLIC        Draw_line
  C:D70FH         PUBLIC        Floating_Window_transparent_with_BGTR_disable
  C:DB4FH         PUBLIC        _Line_distance
  C:D951H         PUBLIC        Draw_Circle_Square
  C:D753H         PUBLIC        Destination_Layer1
  C:D698H         PUBLIC        Memory_read_DownTop_LeftRight
  C:D687H         PUBLIC        Memory_read_TopDown_LeftRight
  C:D676H         PUBLIC        Memory_read_RightLeft_TopDown
  C:D665H         PUBLIC        Memory_read_LeftRight_TopDown
  C:C651H         PUBLIC        _Active_Window
  C:BF58H         PUBLIC        Display_JPG
  C:CC70H         PUBLIC        _BTE_Size_setting
  C:D764H         PUBLIC        Destination_Layer2
  C:D478H         PUBLIC        Internal_CGROM
  C:D302H         PUBLIC        PCLK_non_inversion
  C:DDCDH         PUBLIC        Chk_Busy
  C:CBE3H         PUBLIC        _Scroll_Offset
  C:D9D9H         PUBLIC        DMA_Interrupt_Disable
  C:C1AEH         PUBLIC        RA8875_Initial
  C:DB25H         PUBLIC        _SROM_CLK_DIV
  C:DCD7H         PUBLIC        _PWM1_duty_cycle
  C:D566H         PUBLIC        Text_Cursor_Disable
  C:DB79H         PUBLIC        GT_serial_ROM_select_GT23L24M1Z
  C:D4CDH         PUBLIC        Font_with_BackgroundColor
  C:D489H         PUBLIC        External_CGROM
  C:DCE5H         PUBLIC        _PWM2_duty_cycle
BL51 BANKED LINKER/LOCATER V5.02                                                      11/06/2013  20:19:18  PAGE 11


  C:D4DEH         PUBLIC        Font_with_BackgroundTransparency
  D:00D8H         PUBLIC        CCON
  C:D234H         PUBLIC        Layer1_scroll
  C:D610H         PUBLIC        Graphic_Cursor
  C:D379H         PUBLIC        SERIAL_ROM_Read_Cycle_4bus
  C:CF6BH         PUBLIC        _SdWrite
  C:CEBAH         PUBLIC        _Draw_Ellipse_Curve_part
  C:D962H         PUBLIC        Draw_Circle_Square_fill
  C:DD96H         PUBLIC        _BTE_Background_color
  C:D247H         PUBLIC        Layer2_scroll
  C:DD0CH         PUBLIC        GT_serial_ROM_select_GT21L16T1W
  C:CFC1H         PUBLIC        SERIAL_ROM_Read_Cycle_5bus
  C:C6CDH         PUBLIC        main
  C:D9FBH         PUBLIC        Touch_Panel_Interrupt_Disable
  C:D6BAH         PUBLIC        BTE_enable
  C:CFD4H         PUBLIC        SERIAL_ROM_Read_Cycle_6bus
  C:DB87H         PUBLIC        GT_serial_ROM_select_GT23L32S4W
  C:DA1DH         PUBLIC        BTE_Interrupt_Disable
  C:D6A9H         PUBLIC        no_BTE_write
  C:D632H         PUBLIC        Write_To_Bank1and2
  C:D544H         PUBLIC        Graphic_Mode
  C:DBDBH         PUBLIC        Font_code_JIS0208
  C:DB5DH         PUBLIC        GT_serial_ROM_select_GT23L16U2W
  C:DD81H         PUBLIC        Serial_ROM_direct_access_mode_disable
  C:D5DDH         PUBLIC        MemoryRead_Cursor_autoIncrease
  C:DB6BH         PUBLIC        GT_serial_ROM_select_GT23L24T3Y
  C:D4EFH         PUBLIC        NoRotate_Font
  C:D2A6H         PUBLIC        Draw_Ellipse_Curve
  C:DAB5H         PUBLIC        Draw_Triangle
  C:D7FDH         PUBLIC        TP_IDLE_mode
  C:D6FEH         PUBLIC        Floating_Window_transparent_with_BGTR_enable
  C:DC83H         PUBLIC        _BTE_Background_blue
  C:C7E6H         PUBLIC        _Scroll_Window
  C:CB56H         PUBLIC        LCD_DataRead
  C:DD24H         PUBLIC        Font_Standard
  C:DA3FH         PUBLIC        Font_BTE_read_write_Interrupt_Disable
  C:D9C8H         PUBLIC        DMA_Interrupt_Enable
  C:D26DH         PUBLIC        TP_event_mode
  C:DC9FH         PUBLIC        _BTE_Foreground_green
  C:CFE7H         PUBLIC        SERIAL_ROM_Dual_mode0
  C:CCFDH         PUBLIC        _Floating_window_size
  C:CF98H         PUBLIC        SERIAL_ROM_Dual_mode1
  D:0098H         PUBLIC        SCON
  C:D577H         PUBLIC        Text_Cursor_Enable
  D:0088H         PUBLIC        TCON
  C:D2CCH         PUBLIC        SdRead
  C:CCCEH         PUBLIC        _Floating_window_start_point
  C:D92FH         PUBLIC        Draw_Triangle_fill
  C:D720H         PUBLIC        Layer1_2_scroll
  C:D2DFH         PUBLIC        Software_Reset
  B:00A0H.0       PUBLIC        wait
  C:D9EAH         PUBLIC        Touch_Panel_Interrupt_Enable
  C:D6DCH         PUBLIC        BTE_rectangular_Data
  B:0090H.3       PUBLIC        rdb
  C:D775H         PUBLIC        Pattern_Set_8x8
  C:DAE5H         PUBLIC        DMA_Status
  C:DAD5H         PUBLIC        Keyscan_Status
BL51 BANKED LINKER/LOCATER V5.02                                                      11/06/2013  20:19:18  PAGE 12


  C:DA0CH         PUBLIC        BTE_Interrupt_Enable
  C:D995H         PUBLIC        Key_Scan_Wakeup_Function_Enable
  C:D5BBH         PUBLIC        MemoryWrite_Cursor_autoIncrease
  C:D4BCH         PUBLIC        FullAlignment
  C:CE21H         PUBLIC        LCD_StatusRead
  C:D8EBH         PUBLIC        Clear_Full_Window
  C:DD48H         PUBLIC        Serial_ROM_direct_access_mode_enable
  C:D973H         PUBLIC        Key_Scan_Enable
  C:C388H         PUBLIC        _Draw_Triangle_3point_Coordinate
  C:D7A8H         PUBLIC        Disable_TP
  C:CF2EH         PUBLIC        _Pattern_Set_number
  C:D221H         PUBLIC        Floating_window_mode
  C:DC67H         PUBLIC        _BTE_Background_red
  C:BDD9H         PUBLIC        _show_pic
  C:CD85H         PUBLIC        _BTE_Foreground_color
  C:D643H         PUBLIC        Write_To_Bank1
  C:DA2EH         PUBLIC        Font_BTE_read_write_Interrupt_Enable
  C:DAC5H         PUBLIC        Draw_Ellipse
  C:D654H         PUBLIC        Write_To_Bank2
  C:D5FFH         PUBLIC        No_Graphic_Cursor
  C:DB33H         PUBLIC        _GPO_data
  C:DB05H         PUBLIC        BTE_Status
  C:D3CEH         PUBLIC        MPU_8bit_Interface
  C:D1FBH         PUBLIC        Boolean_OR
  C:CFADH         PUBLIC        Memory_Clear
  C:DC59H         PUBLIC        _layer2_1_transparency
  D:00E0H         PUBLIC        ACC
  C:C597H         PUBLIC        _LCD_FULL
  C:D7ECH         PUBLIC        TP_auto_mode
  C:D423H         PUBLIC        HDIR_SEGn_SEG0
  C:D412H         PUBLIC        HDIR_SEG0_SEGn
  C:D313H         PUBLIC        Serial_ROM_select0
  C:DCADH         PUBLIC        _BTE_Foreground_blue
  C:D324H         PUBLIC        Serial_ROM_select1
  C:DD18H         PUBLIC        Font_code_GB2312
  C:CC41H         PUBLIC        _Memory_read_Coordinate
  C:DB15H         PUBLIC        Font_BTE_read_write_Status
  C:D280H         PUBLIC        TP_latch_X
  C:DC21H         PUBLIC        _Text_Blink_Time
  C:DBCDH         PUBLIC        Font_code_UNIJIS
  B:0090H.2       PUBLIC        wrb
  C:D940H         PUBLIC        Draw_Ellipse_fill
  C:D293H         PUBLIC        TP_latch_Y
  C:D39BH         PUBLIC        SERIAL_ROM_DMA_mode
  C:C8DEH         PUBLIC        SdInit
  C:C9B0H         PUBLIC        _LCD_all
  C:D797H         PUBLIC        Enable_TP
  C:CF4AH         PUBLIC        _Long_Key_Timing_Adjustment
  C:D984H         PUBLIC        Long_Key_Scan_enable
  C:D8DAH         PUBLIC        Stop_Memory_Clear
  C:D7CAH         PUBLIC        Disable_Touch_WakeUp
  C:DCF3H         PUBLIC        Chk_DMA_Busy
  C:DD8CH         PUBLIC        _Text_Background_Color
  C:D25AH         PUBLIC        Buffer_scroll
  B:0090H.7       PUBLIC        SD_CLK
  C:CBA3H         PUBLIC        _write_command
  C:CED8H         PUBLIC        _Key_Scan_setting
BL51 BANKED LINKER/LOCATER V5.02                                                      11/06/2013  20:19:18  PAGE 13


  C:D500H         PUBLIC        Rotate90_Font
  C:D445H         PUBLIC        VDIR_COMn_COM0
  C:D434H         PUBLIC        VDIR_COM0_COMn
  C:DDC4H         PUBLIC        Direct_access_mode_Read_Data_buffer
  C:D19CH         PUBLIC        Write_To_GraphicCursor
  C:D533H         PUBLIC        Font_size_16x16_8x16
  C:DD00H         PUBLIC        Display_ON
  C:D4ABH         PUBLIC        No_FullAlignment
  C:DDD5H         PUBLIC        Chk_Busy_BTE
  C:DDBBH         PUBLIC        ADC_XY
  C:CDD6H         PUBLIC        _SdCommand
  C:DC91H         PUBLIC        _BTE_Foreground_red
  C:DDE9H         PUBLIC        _delayus
  C:D49AH         PUBLIC        ISO8859_1
  C:D3ACH         PUBLIC        SERIAL_ROM_Signal_mode
  C:0003H         PUBLIC        PIC
  C:DB41H         PUBLIC        _CGRAM_Select_Number
  C:CFFAH         PUBLIC        ISO8859_2
  C:DDA0H         PUBLIC        GPI_data
  C:CA61H         PUBLIC        _Show_String
  C:D9B7H         PUBLIC        KEYSCAN_Interrupt_Disable
  C:C4F2H         PUBLIC        _Circle_Square_Coordinate_setting
  C:D841H         PUBLIC        PWM1_disable_level_high
  C:D00DH         PUBLIC        ISO8859_3
  C:D8A7H         PUBLIC        PWM2_disable_level_high
  C:D81FH         PUBLIC        PWM1_disable
  C:D020H         PUBLIC        ISO8859_4
  C:D885H         PUBLIC        PWM2_disable
  C:CDC5H         PUBLIC        _Write_Data_byte
  C:DA94H         PUBLIC        Clear_Font_BTE_read_write_Interrupt
  C:D7B9H         PUBLIC        Enable_Touch_WakeUp
  C:DBBFH         PUBLIC        Font_code_ASCII
  C:DA72H         PUBLIC        clear_TP_interrupt
  C:DD76H         PUBLIC        Sleep_Mode
  C:D6EDH         PUBLIC        Layer1_Visible
  C:D621H         PUBLIC        Graphic_Cursor_Set1
  C:D1C2H         PUBLIC        Layer2_Visible
  C:D104H         PUBLIC        Graphic_Cursor_Set2
  C:DBF7H         PUBLIC        Font_Arial
  C:D467H         PUBLIC        CGRAM_Font
  B:0090H.1       PUBLIC        rs
  C:DD30H         PUBLIC        Draw_circle
  C:D117H         PUBLIC        Graphic_Cursor_Set3
  C:D12AH         PUBLIC        Graphic_Cursor_Set4
  C:D13DH         PUBLIC        Graphic_Cursor_Set5
  C:CC12H         PUBLIC        _Font_Coordinate
  C:CAE4H         PUBLIC        _Background_color
  C:D150H         PUBLIC        Graphic_Cursor_Set6
  C:D5EEH         PUBLIC        MemoryRead_Cursor_NoautoIncrease
  B:00A0H.7       PUBLIC        KEY
  C:D163H         PUBLIC        Graphic_Cursor_Set7
  C:DC4BH         PUBLIC        _BTE_ROP_Code
  C:D176H         PUBLIC        Graphic_Cursor_Set8
  C:CDFDH         PUBLIC        _BackgroundColor_TransparentMode
  C:CD5BH         PUBLIC        _Text_Foreground_Color
  C:DAF5H         PUBLIC        Touch_Status
  C:DD6BH         PUBLIC        Normal_Mode_exitSleep
BL51 BANKED LINKER/LOCATER V5.02                                                      11/06/2013  20:19:18  PAGE 14


  C:D2F1H         PUBLIC        PCLK_inversion
  C:D9A6H         PUBLIC        KEYSCAN_Interrupt_Enable
  C:DD3CH         PUBLIC        Draw_circle_fill
  C:D6CBH         PUBLIC        BTE_contiguous_Data
  C:DA61H         PUBLIC        Clear_DMA_interrupt
  C:CA09H         PUBLIC        _Circle_Coordinate_Radius
  C:D80EH         PUBLIC        PWM1_enable
  C:DBE9H         PUBLIC        Font_code_LATIN
  C:CE60H         PUBLIC        _Font_spacing_set
  C:CE42H         PUBLIC        _delay
  C:D874H         PUBLIC        PWM2_enable
  C:D456H         PUBLIC        CGROM_Font
  C:D3DFH         PUBLIC        MPU_16bit_Interface
  C:C949H         PUBLIC        _Geometric_Coordinate
  C:CC9FH         PUBLIC        _Graphic_Cursor_Coordinate
  C:D1AFH         PUBLIC        Write_To_Pattern
  C:CB22H         PUBLIC        _LCD_SetPos
  C:D588H         PUBLIC        Text_Cursor_Blink_Disable
  C:DCBBH         PUBLIC        _Graphic_Cursor_Color_0
  C:CBCFH         PUBLIC        _Write_Data_int
  C:CE7EH         PUBLIC        _PWM1_clock_ratio
  C:DCC9H         PUBLIC        _Graphic_Cursor_Color_1
  C:D20EH         PUBLIC        Boolean_AND
  C:D511H         PUBLIC        Horizontal_FontEnlarge_x1
  C:CE9CH         PUBLIC        _PWM2_clock_ratio
  C:DC2FH         PUBLIC        _Text_Cursor_Horizontal_Size
  C:D5CCH         PUBLIC        MemoryWrite_Cursor_NoautoIncrease
  C:DC05H         PUBLIC        Font_Roman
  C:D033H         PUBLIC        Horizontal_FontEnlarge_x2
  C:DA83H         PUBLIC        Clear_BTE_interrupt
  C:D046H         PUBLIC        Horizontal_FontEnlarge_x3
  D:00D0H         PUBLIC        PSW
  C:C2CEH         PUBLIC        _BTE_Source_Destination
  C:D059H         PUBLIC        Horizontal_FontEnlarge_x4
  C:DC13H         PUBLIC        Font_Bold
  -------         PROC          _DELAYUS
  D:0006H         SYMBOL        del
  C:DDE9H         LINE#         90
  C:DDE9H         LINE#         91
  C:DDE9H         LINE#         93
  C:DDEAH         LINE#         95
  -------         ENDPROC       _DELAYUS
  -------         PROC          _DELAY
  D:0006H         SYMBOL        ms
  -------         DO            
  D:0004H         SYMBOL        ti
  -------         ENDDO         
  C:CE42H         LINE#         98
  C:CE42H         LINE#         99
  C:CE42H         LINE#         100
  C:CE4CH         LINE#         101
  C:CE4CH         LINE#         102
  C:CE5FH         LINE#         103
  C:CE5FH         LINE#         104
  -------         ENDPROC       _DELAY
  C:CB9EH         SYMBOL        L?0519
  -------         PROC          L?0518
BL51 BANKED LINKER/LOCATER V5.02                                                      11/06/2013  20:19:18  PAGE 15


  -------         ENDPROC       L?0518
  C:CB9EH         SYMBOL        L?0519
  -------         PROC          _WRITE_COMMAND
  D:0007H         SYMBOL        c
  C:CBA3H         LINE#         105
  C:CBA3H         LINE#         106
  C:CBA3H         LINE#         107
  C:CBA5H         LINE#         108
  C:CBA7H         LINE#         109
  C:CBAAH         LINE#         110
  C:CBACH         LINE#         111
  C:CBAEH         LINE#         112
  C:CBB0H         LINE#         113
  C:CBB2H         LINE#         114
  -------         ENDPROC       _WRITE_COMMAND
  C:CDC0H         SYMBOL        L?0521
  -------         PROC          L?0520
  -------         ENDPROC       L?0520
  C:CDC0H         SYMBOL        L?0521
  -------         PROC          _WRITE_DATA_BYTE
  D:0007H         SYMBOL        DH
  D:0005H         SYMBOL        DL
  C:CDC5H         LINE#         118
  C:CDC5H         LINE#         119
  C:CDC5H         LINE#         120
  C:CDC7H         LINE#         121
  C:CDC9H         LINE#         122
  C:CDCBH         LINE#         123
  C:CDCFH         LINE#         124
  C:CDD1H         LINE#         125
  C:CDD3H         LINE#         126
  C:CDD5H         LINE#         127
  -------         ENDPROC       _WRITE_DATA_BYTE
  C:CBC8H         SYMBOL        L?0514
  -------         PROC          L?0513
  -------         ENDPROC       L?0513
  C:CBC8H         SYMBOL        L?0514
  -------         PROC          _WRITE_DATA_INT
  D:0004H         SYMBOL        d
  C:CBCFH         LINE#         130
  C:CBD3H         LINE#         131
  C:CBD3H         LINE#         132
  C:CBD5H         LINE#         133
  C:CBD7H         LINE#         134
  C:CBDAH         LINE#         135
  C:CBDCH         LINE#         136
  C:CBDEH         LINE#         137
  C:CBE0H         LINE#         138
  C:CBE2H         LINE#         139
  -------         ENDPROC       _WRITE_DATA_INT
  C:CB51H         SYMBOL        L?0512
  -------         PROC          L?0511
  -------         ENDPROC       L?0511
  C:CB51H         SYMBOL        L?0512
  -------         PROC          LCD_DATAREAD
  -------         DO            
  D:0006H         SYMBOL        Data
BL51 BANKED LINKER/LOCATER V5.02                                                      11/06/2013  20:19:18  PAGE 16


  D:0005H         SYMBOL        d1
  D:0007H         SYMBOL        d2
  -------         ENDDO         
  C:CB56H         LINE#         141
  C:CB56H         LINE#         142
  C:CB59H         LINE#         143
  C:CB5CH         LINE#         144
  C:CB5FH         LINE#         145
  C:CB62H         LINE#         146
  C:CB64H         LINE#         147
  C:CB65H         LINE#         148
  C:CB66H         LINE#         149
  C:CB68H         LINE#         150
  C:CB69H         LINE#         151
  C:CB6AH         LINE#         152
  C:CB6CH         LINE#         153
  C:CB6DH         LINE#         154
  C:CB6EH         LINE#         155
  C:CB70H         LINE#         156
  C:CB72H         LINE#         157
  C:CB73H         LINE#         158
  C:CB74H         LINE#         159
  C:CB75H         LINE#         160
  C:CB77H         LINE#         161
  C:CB78H         LINE#         162
  C:CB79H         LINE#         163
  C:CB7AH         LINE#         164
  C:CB7CH         LINE#         165
  C:CB7DH         LINE#         166
  C:CB7EH         LINE#         167
  C:CB7EH         LINE#         168
  C:CB80H         LINE#         169
  C:CB82H         LINE#         170
  C:CB82H         LINE#         171
  -------         ENDPROC       LCD_DATAREAD
  -------         PROC          LCD_STATUSREAD
  -------         DO            
  D:0007H         SYMBOL        Data
  -------         ENDDO         
  C:CE21H         LINE#         173
  C:CE21H         LINE#         174
  C:CE21H         LINE#         176
  C:CE24H         LINE#         177
  C:CE27H         LINE#         178
  C:CE29H         LINE#         179
  C:CE2AH         LINE#         180
  C:CE2BH         LINE#         181
  C:CE2DH         LINE#         182
  C:CE2EH         LINE#         183
  C:CE2FH         LINE#         184
  C:CE31H         LINE#         185
  C:CE32H         LINE#         186
  C:CE33H         LINE#         187
  C:CE35H         LINE#         188
  C:CE36H         LINE#         189
  C:CE37H         LINE#         190
  C:CE38H         LINE#         191
BL51 BANKED LINKER/LOCATER V5.02                                                      11/06/2013  20:19:18  PAGE 17


  C:CE3AH         LINE#         192
  C:CE3BH         LINE#         193
  C:CE3CH         LINE#         194
  C:CE3DH         LINE#         195
  C:CE3FH         LINE#         196
  C:CE40H         LINE#         197
  C:CE41H         LINE#         198
  C:CE41H         LINE#         199
  -------         ENDPROC       LCD_STATUSREAD
  -------         PROC          CHK_BUSY
  -------         DO            
  D:0007H         SYMBOL        temp
  -------         ENDDO         
  C:DDCDH         LINE#         203
  C:DDCDH         LINE#         204
  C:DDCDH         LINE#         207
  C:DDCDH         LINE#         208
  C:DDD0H         LINE#         209
  C:DDD4H         LINE#         211
  -------         ENDPROC       CHK_BUSY
  -------         PROC          CHK_BUSY_BTE
  -------         DO            
  D:0007H         SYMBOL        temp
  -------         ENDDO         
  C:DDD5H         LINE#         213
  C:DDD5H         LINE#         214
  C:DDD5H         LINE#         218
  C:DDD5H         LINE#         219
  C:DDD8H         LINE#         220
  C:DDDCH         LINE#         221
  -------         ENDPROC       CHK_BUSY_BTE
  -------         PROC          CHK_BUSY_DIR_ACCESS
  -------         DO            
  D:0007H         SYMBOL        temp
  -------         ENDDO         
  C:DDDDH         LINE#         223
  C:DDDDH         LINE#         224
  C:DDDDH         LINE#         228
  C:DDDDH         LINE#         229
  C:DDE0H         LINE#         230
  C:DDE4H         LINE#         231
  -------         ENDPROC       CHK_BUSY_DIR_ACCESS
  -------         PROC          CHK_DMA_BUSY
  -------         DO            
  D:0007H         SYMBOL        temp
  -------         ENDDO         
  C:DCF3H         LINE#         234
  C:DCF3H         LINE#         235
  C:DCF3H         LINE#         238
  C:DCF3H         LINE#         239
  C:DCF8H         LINE#         240
  C:DCFBH         LINE#         241
  C:DCFFH         LINE#         242
  -------         ENDPROC       CHK_DMA_BUSY
  -------         PROC          DISPLAY_ON
  C:DD00H         LINE#         247
  C:DD00H         LINE#         248
BL51 BANKED LINKER/LOCATER V5.02                                                      11/06/2013  20:19:18  PAGE 18


  C:DD00H         LINE#         249
  C:DD05H         LINE#         250
  -------         ENDPROC       DISPLAY_ON
  -------         PROC          DISPLAY_OFF
  C:DD60H         LINE#         253
  C:DD60H         LINE#         254
  C:DD60H         LINE#         255
  C:DD65H         LINE#         256
  -------         ENDPROC       DISPLAY_OFF
  -------         PROC          NORMAL_MODE_EXITSLEEP
  C:DD6BH         LINE#         259
  C:DD6BH         LINE#         260
  C:DD6BH         LINE#         261
  C:DD70H         LINE#         262
  -------         ENDPROC       NORMAL_MODE_EXITSLEEP
  -------         PROC          SLEEP_MODE
  C:DD76H         LINE#         264
  C:DD76H         LINE#         265
  C:DD76H         LINE#         266
  C:DD7BH         LINE#         267
  -------         ENDPROC       SLEEP_MODE
  -------         PROC          SOFTWARE_RESET
  C:D2DFH         LINE#         269
  C:D2DFH         LINE#         270
  C:D2DFH         LINE#         271
  C:D2E4H         LINE#         272
  C:D2E9H         LINE#         273
  C:D2EDH         LINE#         274
  -------         ENDPROC       SOFTWARE_RESET
  -------         PROC          PCLK_INVERSION
  -------         DO            
  D:0007H         SYMBOL        temp
  -------         ENDDO         
  C:D2F1H         LINE#         278
  C:D2F1H         LINE#         279
  C:D2F1H         LINE#         280
  C:D2F6H         LINE#         281
  C:D2F9H         LINE#         282
  C:D2FDH         LINE#         283
  -------         ENDPROC       PCLK_INVERSION
  -------         PROC          PCLK_NON_INVERSION
  -------         DO            
  D:0007H         SYMBOL        temp
  -------         ENDDO         
  C:D302H         LINE#         285
  C:D302H         LINE#         286
  C:D302H         LINE#         287
  C:D307H         LINE#         288
  C:D30AH         LINE#         289
  C:D30EH         LINE#         290
  -------         ENDPROC       PCLK_NON_INVERSION
  -------         PROC          _PCLK_WIDTH
  X:026BH         SYMBOL        setx
  -------         DO            
  D:0007H         SYMBOL        temp
  -------         ENDDO         
  C:CEF6H         LINE#         293
BL51 BANKED LINKER/LOCATER V5.02                                                      11/06/2013  20:19:18  PAGE 19


  C:CEFBH         LINE#         294
  C:CEFBH         LINE#         295
  C:CF00H         LINE#         296
  C:CF03H         LINE#         297
  C:CF07H         LINE#         298
  C:CF0DH         LINE#         299
  -------         ENDPROC       _PCLK_WIDTH
  -------         PROC          SERIAL_ROM_SELECT0
  -------         DO            
  D:0007H         SYMBOL        temp
  -------         ENDDO         
  C:D313H         LINE#         304
  C:D313H         LINE#         305
  C:D313H         LINE#         306
  C:D318H         LINE#         307
  C:D31BH         LINE#         308
  C:D31FH         LINE#         309
  -------         ENDPROC       SERIAL_ROM_SELECT0
  -------         PROC          SERIAL_ROM_SELECT1
  -------         DO            
  D:0007H         SYMBOL        temp
  -------         ENDDO         
  C:D324H         LINE#         312
  C:D324H         LINE#         313
  C:D324H         LINE#         314
  C:D329H         LINE#         315
  C:D32CH         LINE#         316
  C:D330H         LINE#         317
  -------         ENDPROC       SERIAL_ROM_SELECT1
  -------         PROC          SERIAL_ROM_ADDRESS_SET_24BIT
  -------         DO            
  D:0007H         SYMBOL        temp
  -------         ENDDO         
  C:D335H         LINE#         320
  C:D335H         LINE#         321
  C:D335H         LINE#         322
  C:D33AH         LINE#         323
  C:D33DH         LINE#         324
  C:D341H         LINE#         325
  -------         ENDPROC       SERIAL_ROM_ADDRESS_SET_24BIT
  -------         PROC          SERIAL_ROM_ADDRESS_SET_32BIT
  -------         DO            
  D:0007H         SYMBOL        temp
  -------         ENDDO         
  C:D346H         LINE#         328
  C:D346H         LINE#         329
  C:D346H         LINE#         330
  C:D34BH         LINE#         331
  C:D34EH         LINE#         332
  C:D352H         LINE#         333
  -------         ENDPROC       SERIAL_ROM_ADDRESS_SET_32BIT
  -------         PROC          SELECT_SERIAL_WAVEFORM_MODE0
  -------         DO            
  D:0007H         SYMBOL        temp
  -------         ENDDO         
  C:D357H         LINE#         336
  C:D357H         LINE#         337
BL51 BANKED LINKER/LOCATER V5.02                                                      11/06/2013  20:19:18  PAGE 20


  C:D357H         LINE#         338
  C:D35CH         LINE#         339
  C:D35FH         LINE#         340
  C:D363H         LINE#         341
  -------         ENDPROC       SELECT_SERIAL_WAVEFORM_MODE0
  -------         PROC          SELECT_SERIAL_WAVEFORM_MODE3
  -------         DO            
  D:0007H         SYMBOL        temp
  -------         ENDDO         
  C:D368H         LINE#         344
  C:D368H         LINE#         345
  C:D368H         LINE#         346
  C:D36DH         LINE#         347
  C:D370H         LINE#         348
  C:D374H         LINE#         349
  -------         ENDPROC       SELECT_SERIAL_WAVEFORM_MODE3
  -------         PROC          SERIAL_ROM_READ_CYCLE_4BUS
  -------         DO            
  D:0007H         SYMBOL        temp
  -------         ENDDO         
  C:D379H         LINE#         352
  C:D379H         LINE#         353
  C:D379H         LINE#         354
  C:D37EH         LINE#         355
  C:D381H         LINE#         356
  C:D385H         LINE#         357
  -------         ENDPROC       SERIAL_ROM_READ_CYCLE_4BUS
  -------         PROC          SERIAL_ROM_READ_CYCLE_5BUS
  -------         DO            
  D:0007H         SYMBOL        temp
  -------         ENDDO         
  C:CFC1H         LINE#         360
  C:CFC1H         LINE#         361
  C:CFC1H         LINE#         362
  C:CFC6H         LINE#         363
  C:CFC9H         LINE#         364
  C:CFCCH         LINE#         365
  C:CFCFH         LINE#         366
  -------         ENDPROC       SERIAL_ROM_READ_CYCLE_5BUS
  -------         PROC          SERIAL_ROM_READ_CYCLE_6BUS
  -------         DO            
  D:0007H         SYMBOL        temp
  -------         ENDDO         
  C:CFD4H         LINE#         369
  C:CFD4H         LINE#         370
  C:CFD4H         LINE#         371
  C:CFD9H         LINE#         372
  C:CFDCH         LINE#         373
  C:CFDFH         LINE#         374
  C:CFE2H         LINE#         375
  -------         ENDPROC       SERIAL_ROM_READ_CYCLE_6BUS
  -------         PROC          SERIAL_ROM_FONT_MODE
  -------         DO            
  D:0007H         SYMBOL        temp
  -------         ENDDO         
  C:D38AH         LINE#         378
  C:D38AH         LINE#         379
BL51 BANKED LINKER/LOCATER V5.02                                                      11/06/2013  20:19:18  PAGE 21


  C:D38AH         LINE#         380
  C:D38FH         LINE#         381
  C:D392H         LINE#         382
  C:D396H         LINE#         383
  -------         ENDPROC       SERIAL_ROM_FONT_MODE
  -------         PROC          SERIAL_ROM_DMA_MODE
  -------         DO            
  D:0007H         SYMBOL        temp
  -------         ENDDO         
  C:D39BH         LINE#         386
  C:D39BH         LINE#         387
  C:D39BH         LINE#         388
  C:D3A0H         LINE#         389
  C:D3A3H         LINE#         390
  C:D3A7H         LINE#         391
  -------         ENDPROC       SERIAL_ROM_DMA_MODE
  -------         PROC          SERIAL_ROM_SIGNAL_MODE
  -------         DO            
  D:0007H         SYMBOL        temp
  -------         ENDDO         
  C:D3ACH         LINE#         394
  C:D3ACH         LINE#         395
  C:D3ACH         LINE#         396
  C:D3B1H         LINE#         397
  C:D3B4H         LINE#         398
  C:D3B8H         LINE#         399
  -------         ENDPROC       SERIAL_ROM_SIGNAL_MODE
  -------         PROC          SERIAL_ROM_DUAL_MODE0
  -------         DO            
  D:0007H         SYMBOL        temp
  -------         ENDDO         
  C:CFE7H         LINE#         402
  C:CFE7H         LINE#         403
  C:CFE7H         LINE#         404
  C:CFECH         LINE#         405
  C:CFEFH         LINE#         406
  C:CFF2H         LINE#         407
  C:CFF5H         LINE#         408
  -------         ENDPROC       SERIAL_ROM_DUAL_MODE0
  -------         PROC          SERIAL_ROM_DUAL_MODE1
  -------         DO            
  D:0007H         SYMBOL        temp
  -------         ENDDO         
  C:CF98H         LINE#         411
  C:CF98H         LINE#         412
  C:CF98H         LINE#         413
  C:CF9DH         LINE#         414
  C:CFA0H         LINE#         415
  C:CFA3H         LINE#         416
  C:CFA5H         LINE#         417
  C:CFA8H         LINE#         418
  -------         ENDPROC       SERIAL_ROM_DUAL_MODE1
  -------         PROC          _SROM_CLK_DIV
  D:0006H         SYMBOL        CLK_DIV
  C:DB25H         LINE#         421
  C:DB27H         LINE#         422
  C:DB27H         LINE#         423
BL51 BANKED LINKER/LOCATER V5.02                                                      11/06/2013  20:19:18  PAGE 22


  C:DB2CH         LINE#         424
  -------         ENDPROC       _SROM_CLK_DIV
  -------         PROC          COLOR_256
  -------         DO            
  D:0007H         SYMBOL        temp
  -------         ENDDO         
  C:D3BDH         LINE#         430
  C:D3BDH         LINE#         431
  C:D3BDH         LINE#         433
  C:D3C2H         LINE#         434
  C:D3C5H         LINE#         435
  C:D3C9H         LINE#         436
  -------         ENDPROC       COLOR_256
  -------         PROC          COLOR_65K
  -------         DO            
  D:0006H         SYMBOL        temp
  -------         ENDDO         
  C:CF12H         LINE#         439
  C:CF12H         LINE#         440
  C:CF12H         LINE#         442
  C:CF17H         LINE#         443
  C:CF1CH         LINE#         444
  C:CF1FH         LINE#         445
  C:CF22H         LINE#         446
  C:CF27H         LINE#         447
  -------         ENDPROC       COLOR_65K
  -------         PROC          MPU_8BIT_INTERFACE
  -------         DO            
  D:0007H         SYMBOL        temp
  -------         ENDDO         
  C:D3CEH         LINE#         449
  C:D3CEH         LINE#         450
  C:D3CEH         LINE#         452
  C:D3D3H         LINE#         453
  C:D3D6H         LINE#         454
  C:D3DAH         LINE#         455
  -------         ENDPROC       MPU_8BIT_INTERFACE
  -------         PROC          MPU_16BIT_INTERFACE
  -------         DO            
  D:0007H         SYMBOL        temp
  -------         ENDDO         
  C:D3DFH         LINE#         458
  C:D3DFH         LINE#         459
  C:D3DFH         LINE#         461
  C:D3E4H         LINE#         462
  C:D3E7H         LINE#         463
  C:D3EBH         LINE#         464
  -------         ENDPROC       MPU_16BIT_INTERFACE
  -------         PROC          GPI_DATA
  -------         DO            
  D:0007H         SYMBOL        temp
  -------         ENDDO         
  C:DDA0H         LINE#         469
  C:DDA0H         LINE#         470
  C:DDA0H         LINE#         471
  C:DDA5H         LINE#         472
  C:DDA8H         LINE#         473
BL51 BANKED LINKER/LOCATER V5.02                                                      11/06/2013  20:19:18  PAGE 23


  C:DDA8H         LINE#         474
  -------         ENDPROC       GPI_DATA
  -------         PROC          _GPO_DATA
  D:0006H         SYMBOL        setx
  C:DB33H         LINE#         476
  C:DB35H         LINE#         477
  C:DB35H         LINE#         478
  C:DB3AH         LINE#         479
  -------         ENDPROC       _GPO_DATA
  -------         PROC          ONE_LAYER
  -------         DO            
  D:0007H         SYMBOL        temp
  -------         ENDDO         
  C:D3F0H         LINE#         486
  C:D3F0H         LINE#         487
  C:D3F0H         LINE#         489
  C:D3F5H         LINE#         490
  C:D3F8H         LINE#         491
  C:D3FCH         LINE#         492
  -------         ENDPROC       ONE_LAYER
  -------         PROC          TWO_LAYERS
  -------         DO            
  D:0007H         SYMBOL        temp
  -------         ENDDO         
  C:D401H         LINE#         495
  C:D401H         LINE#         496
  C:D401H         LINE#         497
  C:D406H         LINE#         498
  C:D409H         LINE#         499
  C:D40DH         LINE#         500
  -------         ENDPROC       TWO_LAYERS
  -------         PROC          HDIR_SEG0_SEGN
  -------         DO            
  D:0007H         SYMBOL        temp
  -------         ENDDO         
  C:D412H         LINE#         503
  C:D412H         LINE#         504
  C:D412H         LINE#         505
  C:D417H         LINE#         506
  C:D41AH         LINE#         507
  C:D41EH         LINE#         508
  -------         ENDPROC       HDIR_SEG0_SEGN
  -------         PROC          HDIR_SEGN_SEG0
  -------         DO            
  D:0007H         SYMBOL        temp
  -------         ENDDO         
  C:D423H         LINE#         510
  C:D423H         LINE#         511
  C:D423H         LINE#         514
  C:D428H         LINE#         515
  C:D42BH         LINE#         516
  C:D42FH         LINE#         517
  -------         ENDPROC       HDIR_SEGN_SEG0
  -------         PROC          VDIR_COM0_COMN
  -------         DO            
  D:0007H         SYMBOL        temp
  -------         ENDDO         
BL51 BANKED LINKER/LOCATER V5.02                                                      11/06/2013  20:19:18  PAGE 24


  C:D434H         LINE#         519
  C:D434H         LINE#         520
  C:D434H         LINE#         523
  C:D439H         LINE#         524
  C:D43CH         LINE#         525
  C:D440H         LINE#         526
  -------         ENDPROC       VDIR_COM0_COMN
  -------         PROC          VDIR_COMN_COM0
  -------         DO            
  D:0007H         SYMBOL        temp
  -------         ENDDO         
  C:D445H         LINE#         528
  C:D445H         LINE#         529
  C:D445H         LINE#         532
  C:D44AH         LINE#         533
  C:D44DH         LINE#         534
  C:D451H         LINE#         535
  -------         ENDPROC       VDIR_COMN_COM0
  -------         PROC          CGROM_FONT
  -------         DO            
  D:0007H         SYMBOL        temp
  -------         ENDDO         
  C:D456H         LINE#         541
  C:D456H         LINE#         542
  C:D456H         LINE#         544
  C:D45BH         LINE#         545
  C:D45EH         LINE#         546
  C:D462H         LINE#         547
  -------         ENDPROC       CGROM_FONT
  -------         PROC          CGRAM_FONT
  -------         DO            
  D:0007H         SYMBOL        temp
  -------         ENDDO         
  C:D467H         LINE#         549
  C:D467H         LINE#         550
  C:D467H         LINE#         552
  C:D46CH         LINE#         553
  C:D46FH         LINE#         554
  C:D473H         LINE#         555
  -------         ENDPROC       CGRAM_FONT
  -------         PROC          INTERNAL_CGROM
  -------         DO            
  D:0007H         SYMBOL        temp
  -------         ENDDO         
  C:D478H         LINE#         558
  C:D478H         LINE#         559
  C:D478H         LINE#         561
  C:D47DH         LINE#         562
  C:D480H         LINE#         563
  C:D484H         LINE#         564
  -------         ENDPROC       INTERNAL_CGROM
  -------         PROC          EXTERNAL_CGROM
  -------         DO            
  D:0007H         SYMBOL        temp
  -------         ENDDO         
  C:D489H         LINE#         566
  C:D489H         LINE#         567
BL51 BANKED LINKER/LOCATER V5.02                                                      11/06/2013  20:19:18  PAGE 25


  C:D489H         LINE#         569
  C:D48EH         LINE#         570
  C:D491H         LINE#         571
  C:D495H         LINE#         572
  -------         ENDPROC       EXTERNAL_CGROM
  -------         PROC          ISO8859_1
  -------         DO            
  D:0007H         SYMBOL        temp
  -------         ENDDO         
  C:D49AH         LINE#         575
  C:D49AH         LINE#         576
  C:D49AH         LINE#         578
  C:D49FH         LINE#         579
  C:D4A2H         LINE#         580
  C:D4A6H         LINE#         581
  -------         ENDPROC       ISO8859_1
  -------         PROC          ISO8859_2
  -------         DO            
  D:0007H         SYMBOL        temp
  -------         ENDDO         
  C:CFFAH         LINE#         583
  C:CFFAH         LINE#         584
  C:CFFAH         LINE#         586
  C:CFFFH         LINE#         587
  C:D002H         LINE#         588
  C:D005H         LINE#         589
  C:D008H         LINE#         590
  -------         ENDPROC       ISO8859_2
  -------         PROC          ISO8859_3
  -------         DO            
  D:0007H         SYMBOL        temp
  -------         ENDDO         
  C:D00DH         LINE#         592
  C:D00DH         LINE#         593
  C:D00DH         LINE#         595
  C:D012H         LINE#         596
  C:D015H         LINE#         597
  C:D018H         LINE#         598
  C:D01BH         LINE#         599
  -------         ENDPROC       ISO8859_3
  -------         PROC          ISO8859_4
  -------         DO            
  D:0007H         SYMBOL        temp
  -------         ENDDO         
  C:D020H         LINE#         601
  C:D020H         LINE#         602
  C:D020H         LINE#         604
  C:D025H         LINE#         605
  C:D028H         LINE#         606
  C:D02BH         LINE#         607
  C:D02EH         LINE#         608
  -------         ENDPROC       ISO8859_4
  -------         PROC          NO_FULLALIGNMENT
  -------         DO            
  D:0007H         SYMBOL        temp
  -------         ENDDO         
  C:D4ABH         LINE#         613
BL51 BANKED LINKER/LOCATER V5.02                                                      11/06/2013  20:19:18  PAGE 26


  C:D4ABH         LINE#         614
  C:D4ABH         LINE#         616
  C:D4B0H         LINE#         617
  C:D4B3H         LINE#         618
  C:D4B7H         LINE#         619
  -------         ENDPROC       NO_FULLALIGNMENT
  -------         PROC          FULLALIGNMENT
  -------         DO            
  D:0007H         SYMBOL        temp
  -------         ENDDO         
  C:D4BCH         LINE#         621
  C:D4BCH         LINE#         622
  C:D4BCH         LINE#         624
  C:D4C1H         LINE#         625
  C:D4C4H         LINE#         626
  C:D4C8H         LINE#         627
  -------         ENDPROC       FULLALIGNMENT
  -------         PROC          FONT_WITH_BACKGROUNDCOLOR
  -------         DO            
  D:0007H         SYMBOL        temp
  -------         ENDDO         
  C:D4CDH         LINE#         629
  C:D4CDH         LINE#         630
  C:D4CDH         LINE#         632
  C:D4D2H         LINE#         633
  C:D4D5H         LINE#         634
  C:D4D9H         LINE#         635
  -------         ENDPROC       FONT_WITH_BACKGROUNDCOLOR
  -------         PROC          FONT_WITH_BACKGROUNDTRANSPARENCY
  -------         DO            
  D:0007H         SYMBOL        temp
  -------         ENDDO         
  C:D4DEH         LINE#         637
  C:D4DEH         LINE#         638
  C:D4DEH         LINE#         640
  C:D4E3H         LINE#         641
  C:D4E6H         LINE#         642
  C:D4EAH         LINE#         643
  -------         ENDPROC       FONT_WITH_BACKGROUNDTRANSPARENCY
  -------         PROC          NOROTATE_FONT
  -------         DO            
  D:0007H         SYMBOL        temp
  -------         ENDDO         
  C:D4EFH         LINE#         647
  C:D4EFH         LINE#         648
  C:D4EFH         LINE#         650
  C:D4F4H         LINE#         651
  C:D4F7H         LINE#         652
  C:D4FBH         LINE#         653
  -------         ENDPROC       NOROTATE_FONT
  -------         PROC          ROTATE90_FONT
  -------         DO            
  D:0007H         SYMBOL        temp
  -------         ENDDO         
  C:D500H         LINE#         655
  C:D500H         LINE#         656
  C:D500H         LINE#         658
BL51 BANKED LINKER/LOCATER V5.02                                                      11/06/2013  20:19:18  PAGE 27


  C:D505H         LINE#         659
  C:D508H         LINE#         660
  C:D50CH         LINE#         661
  -------         ENDPROC       ROTATE90_FONT
  -------         PROC          HORIZONTAL_FONTENLARGE_X1
  -------         DO            
  D:0007H         SYMBOL        temp
  -------         ENDDO         
  C:D511H         LINE#         665
  C:D511H         LINE#         666
  C:D511H         LINE#         668
  C:D516H         LINE#         669
  C:D519H         LINE#         670
  C:D51DH         LINE#         671
  -------         ENDPROC       HORIZONTAL_FONTENLARGE_X1
  -------         PROC          HORIZONTAL_FONTENLARGE_X2
  -------         DO            
  D:0007H         SYMBOL        temp
  -------         ENDDO         
  C:D033H         LINE#         673
  C:D033H         LINE#         674
  C:D033H         LINE#         676
  C:D038H         LINE#         677
  C:D03BH         LINE#         678
  C:D03EH         LINE#         679
  C:D041H         LINE#         680
  -------         ENDPROC       HORIZONTAL_FONTENLARGE_X2
  -------         PROC          HORIZONTAL_FONTENLARGE_X3
  -------         DO            
  D:0007H         SYMBOL        temp
  -------         ENDDO         
  C:D046H         LINE#         682
  C:D046H         LINE#         683
  C:D046H         LINE#         685
  C:D04BH         LINE#         686
  C:D04EH         LINE#         687
  C:D051H         LINE#         688
  C:D054H         LINE#         689
  -------         ENDPROC       HORIZONTAL_FONTENLARGE_X3
  -------         PROC          HORIZONTAL_FONTENLARGE_X4
  -------         DO            
  D:0007H         SYMBOL        temp
  -------         ENDDO         
  C:D059H         LINE#         691
  C:D059H         LINE#         692
  C:D059H         LINE#         694
  C:D05EH         LINE#         695
  C:D061H         LINE#         696
  C:D064H         LINE#         697
  C:D067H         LINE#         698
  -------         ENDPROC       HORIZONTAL_FONTENLARGE_X4
  -------         PROC          VERTICAL_FONTENLARGE_X1
  -------         DO            
  D:0007H         SYMBOL        temp
  -------         ENDDO         
  C:D522H         LINE#         700
  C:D522H         LINE#         701
BL51 BANKED LINKER/LOCATER V5.02                                                      11/06/2013  20:19:18  PAGE 28


  C:D522H         LINE#         703
  C:D527H         LINE#         704
  C:D52AH         LINE#         705
  C:D52EH         LINE#         706
  -------         ENDPROC       VERTICAL_FONTENLARGE_X1
  -------         PROC          VERTICAL_FONTENLARGE_X2
  -------         DO            
  D:0007H         SYMBOL        temp
  -------         ENDDO         
  C:D06CH         LINE#         708
  C:D06CH         LINE#         709
  C:D06CH         LINE#         711
  C:D071H         LINE#         712
  C:D074H         LINE#         713
  C:D077H         LINE#         714
  C:D07AH         LINE#         715
  -------         ENDPROC       VERTICAL_FONTENLARGE_X2
  -------         PROC          VERTICAL_FONTENLARGE_X3
  -------         DO            
  D:0007H         SYMBOL        temp
  -------         ENDDO         
  C:D07FH         LINE#         717
  C:D07FH         LINE#         718
  C:D07FH         LINE#         720
  C:D084H         LINE#         721
  C:D087H         LINE#         722
  C:D08AH         LINE#         723
  C:D08DH         LINE#         724
  -------         ENDPROC       VERTICAL_FONTENLARGE_X3
  -------         PROC          VERTICAL_FONTENLARGE_X4
  -------         DO            
  D:0007H         SYMBOL        temp
  -------         ENDDO         
  C:D092H         LINE#         726
  C:D092H         LINE#         727
  C:D092H         LINE#         729
  C:D097H         LINE#         730
  C:D09AH         LINE#         731
  C:D09DH         LINE#         732
  C:D0A0H         LINE#         733
  -------         ENDPROC       VERTICAL_FONTENLARGE_X4
  -------         PROC          _CGRAM_SELECT_NUMBER
  D:0006H         SYMBOL        setx
  C:DB41H         LINE#         738
  C:DB43H         LINE#         739
  C:DB43H         LINE#         740
  C:DB48H         LINE#         741
  -------         ENDPROC       _CGRAM_SELECT_NUMBER
  -------         PROC          _SCROLL_OFFSET
  D:0082H         SYMBOL        X
  D:0002H         SYMBOL        Y
  C:CBE3H         LINE#         746
  C:CBEBH         LINE#         747
  C:CBEBH         LINE#         749
  C:CBF0H         LINE#         750
  C:CBF5H         LINE#         752
  C:CBF7H         LINE#         753
[...]
    SEGMENT: ?PR?GT_SERIAL_ROM_SELECT_GT23L24M1Z?SD

*** WARNING L16: UNCALLED SEGMENT, IGNORED FOR OVERLAY PROCESS
    SEGMENT: ?PR?GT_SERIAL_ROM_SELECT_GT23L32S4W?SD

*** WARNING L16: UNCALLED SEGMENT, IGNORED FOR OVERLAY PROCESS
    SEGMENT: ?PR?FONT_CODE_GB2312?SD

*** WARNING L16: UNCALLED SEGMENT, IGNORED FOR OVERLAY PROCESS
    SEGMENT: ?PR?FONT_CODE_GB12345?SD

*** WARNING L16: UNCALLED SEGMENT, IGNORED FOR OVERLAY PROCESS
    SEGMENT: ?PR?FONT_CODE_BIG5?SD

*** WARNING L16: UNCALLED SEGMENT, IGNORED FOR OVERLAY PROCESS
    SEGMENT: ?PR?FONT_CODE_UNICODE?SD

*** WARNING L16: UNCALLED SEGMENT, IGNORED FOR OVERLAY PROCESS
    SEGMENT: ?PR?FONT_CODE_ASCII?SD

*** WARNING L16: UNCALLED SEGMENT, IGNORED FOR OVERLAY PROCESS
    SEGMENT: ?PR?FONT_CODE_UNIJIS?SD

*** WARNING L16: UNCALLED SEGMENT, IGNORED FOR OVERLAY PROCESS
    SEGMENT: ?PR?FONT_CODE_JIS0208?SD

*** WARNING L16: UNCALLED SEGMENT, IGNORED FOR OVERLAY PROCESS
    SEGMENT: ?PR?FONT_CODE_LATIN?SD

*** WARNING L16: UNCALLED SEGMENT, IGNORED FOR OVERLAY PROCESS
    SEGMENT: ?PR?FONT_STANDARD?SD

*** WARNING L16: UNCALLED SEGMENT, IGNORED FOR OVERLAY PROCESS
    SEGMENT: ?PR?FONT_ARIAL?SD

*** WARNING L16: UNCALLED SEGMENT, IGNORED FOR OVERLAY PROCESS
    SEGMENT: ?PR?FONT_ROMAN?SD

*** WARNING L16: UNCALLED SEGMENT, IGNORED FOR OVERLAY PROCESS
    SEGMENT: ?PR?FONT_BOLD?SD
BL51 BANKED LINKER/LOCATER V5.02                                                      11/06/2013  20:19:18  PAGE 83



*** WARNING L16: UNCALLED SEGMENT, IGNORED FOR OVERLAY PROCESS
    SEGMENT: ?PR?_SCROLL_WINDOW?SD

*** WARNING L16: UNCALLED SEGMENT, IGNORED FOR OVERLAY PROCESS
    SEGMENT: ?PR?TEXT_CURSOR_DISABLE?SD

*** WARNING L16: UNCALLED SEGMENT, IGNORED FOR OVERLAY PROCESS
    SEGMENT: ?PR?TEXT_CURSOR_ENABLE?SD

*** WARNING L16: UNCALLED SEGMENT, IGNORED FOR OVERLAY PROCESS
    SEGMENT: ?PR?TEXT_CURSOR_BLINK_DISABLE?SD

*** WARNING L16: UNCALLED SEGMENT, IGNORED FOR OVERLAY PROCESS
    SEGMENT: ?PR?TEXT_CURSOR_BLINK_ENABLE?SD

*** WARNING L16: UNCALLED SEGMENT, IGNORED FOR OVERLAY PROCESS
    SEGMENT: ?PR?MEMORY_WRITE_LEFTRIGHT_TOPDOWN?SD

*** WARNING L16: UNCALLED SEGMENT, IGNORED FOR OVERLAY PROCESS
    SEGMENT: ?PR?MEMORY_WRITE_RIGHTLEFT_TOPDOWN?SD

*** WARNING L16: UNCALLED SEGMENT, IGNORED FOR OVERLAY PROCESS
    SEGMENT: ?PR?MEMORY_WRITE_DOWNTOP_LEFTRIGHT?SD

*** WARNING L16: UNCALLED SEGMENT, IGNORED FOR OVERLAY PROCESS
    SEGMENT: ?PR?MEMORY_WRITE_TOPDOWN_LEFTRIGHT?SD

*** WARNING L16: UNCALLED SEGMENT, IGNORED FOR OVERLAY PROCESS
    SEGMENT: ?PR?MEMORYWRITE_CURSOR_AUTOINCREASE?SD

*** WARNING L16: UNCALLED SEGMENT, IGNORED FOR OVERLAY PROCESS
    SEGMENT: ?PR?MEMORYWRITE_CURSOR_NOAUTOINCREASE?SD

*** WARNING L16: UNCALLED SEGMENT, IGNORED FOR OVERLAY PROCESS
    SEGMENT: ?PR?MEMORYREAD_CURSOR_AUTOINCREASE?SD

*** WARNING L16: UNCALLED SEGMENT, IGNORED FOR OVERLAY PROCESS
    SEGMENT: ?PR?MEMORYREAD_CURSOR_NOAUTOINCREASE?SD

*** WARNING L16: UNCALLED SEGMENT, IGNORED FOR OVERLAY PROCESS
    SEGMENT: ?PR?NO_GRAPHIC_CURSOR?SD

*** WARNING L16: UNCALLED SEGMENT, IGNORED FOR OVERLAY PROCESS
    SEGMENT: ?PR?GRAPHIC_CURSOR?SD

*** WARNING L16: UNCALLED SEGMENT, IGNORED FOR OVERLAY PROCESS
    SEGMENT: ?PR?GRAPHIC_CURSOR_SET1?SD

*** WARNING L16: UNCALLED SEGMENT, IGNORED FOR OVERLAY PROCESS
    SEGMENT: ?PR?GRAPHIC_CURSOR_SET2?SD

*** WARNING L16: UNCALLED SEGMENT, IGNORED FOR OVERLAY PROCESS
    SEGMENT: ?PR?GRAPHIC_CURSOR_SET3?SD

*** WARNING L16: UNCALLED SEGMENT, IGNORED FOR OVERLAY PROCESS
    SEGMENT: ?PR?GRAPHIC_CURSOR_SET4?SD
BL51 BANKED LINKER/LOCATER V5.02                                                      11/06/2013  20:19:18  PAGE 84



*** WARNING L16: UNCALLED SEGMENT, IGNORED FOR OVERLAY PROCESS
    SEGMENT: ?PR?GRAPHIC_CURSOR_SET5?SD

*** WARNING L16: UNCALLED SEGMENT, IGNORED FOR OVERLAY PROCESS
    SEGMENT: ?PR?GRAPHIC_CURSOR_SET6?SD

*** WARNING L16: UNCALLED SEGMENT, IGNORED FOR OVERLAY PROCESS
    SEGMENT: ?PR?GRAPHIC_CURSOR_SET7?SD

*** WARNING L16: UNCALLED SEGMENT, IGNORED FOR OVERLAY PROCESS
    SEGMENT: ?PR?GRAPHIC_CURSOR_SET8?SD

*** WARNING L16: UNCALLED SEGMENT, IGNORED FOR OVERLAY PROCESS
    SEGMENT: ?PR?WRITE_TO_BANK1AND2?SD

*** WARNING L16: UNCALLED SEGMENT, IGNORED FOR OVERLAY PROCESS
    SEGMENT: ?PR?WRITE_TO_CGRAM?SD

*** WARNING L16: UNCALLED SEGMENT, IGNORED FOR OVERLAY PROCESS
    SEGMENT: ?PR?WRITE_TO_GRAPHICCURSOR?SD

*** WARNING L16: UNCALLED SEGMENT, IGNORED FOR OVERLAY PROCESS
    SEGMENT: ?PR?WRITE_TO_PATTERN?SD

*** WARNING L16: UNCALLED SEGMENT, IGNORED FOR OVERLAY PROCESS
    SEGMENT: ?PR?WRITE_TO_BANK1?SD

*** WARNING L16: UNCALLED SEGMENT, IGNORED FOR OVERLAY PROCESS
    SEGMENT: ?PR?WRITE_TO_BANK2?SD

*** WARNING L16: UNCALLED SEGMENT, IGNORED FOR OVERLAY PROCESS
    SEGMENT: ?PR?_TEXT_BLINK_TIME?SD

*** WARNING L16: UNCALLED SEGMENT, IGNORED FOR OVERLAY PROCESS
    SEGMENT: ?PR?MEMORY_READ_LEFTRIGHT_TOPDOWN?SD

*** WARNING L16: UNCALLED SEGMENT, IGNORED FOR OVERLAY PROCESS
    SEGMENT: ?PR?MEMORY_READ_RIGHTLEFT_TOPDOWN?SD

*** WARNING L16: UNCALLED SEGMENT, IGNORED FOR OVERLAY PROCESS
    SEGMENT: ?PR?MEMORY_READ_TOPDOWN_LEFTRIGHT?SD

*** WARNING L16: UNCALLED SEGMENT, IGNORED FOR OVERLAY PROCESS
    SEGMENT: ?PR?MEMORY_READ_DOWNTOP_LEFTRIGHT?SD

*** WARNING L16: UNCALLED SEGMENT, IGNORED FOR OVERLAY PROCESS
    SEGMENT: ?PR?_MEMORY_READ_COORDINATE?SD

*** WARNING L16: UNCALLED SEGMENT, IGNORED FOR OVERLAY PROCESS
    SEGMENT: ?PR?_TEXT_CURSOR_HORIZONTAL_SIZE?SD

*** WARNING L16: UNCALLED SEGMENT, IGNORED FOR OVERLAY PROCESS
    SEGMENT: ?PR?_TEXT_CURSOR_VERTICAL_SIZE?SD

*** WARNING L16: UNCALLED SEGMENT, IGNORED FOR OVERLAY PROCESS
    SEGMENT: ?PR?NO_BTE_WRITE?SD
BL51 BANKED LINKER/LOCATER V5.02                                                      11/06/2013  20:19:18  PAGE 85



*** WARNING L16: UNCALLED SEGMENT, IGNORED FOR OVERLAY PROCESS
    SEGMENT: ?PR?BTE_ENABLE?SD

*** WARNING L16: UNCALLED SEGMENT, IGNORED FOR OVERLAY PROCESS
    SEGMENT: ?PR?BTE_CONTIGUOUS_DATA?SD

*** WARNING L16: UNCALLED SEGMENT, IGNORED FOR OVERLAY PROCESS
    SEGMENT: ?PR?BTE_RECTANGULAR_DATA?SD

*** WARNING L16: UNCALLED SEGMENT, IGNORED FOR OVERLAY PROCESS
    SEGMENT: ?PR?_BTE_ROP_CODE?SD

*** WARNING L16: UNCALLED SEGMENT, IGNORED FOR OVERLAY PROCESS
    SEGMENT: ?PR?LAYER1_VISIBLE?SD

*** WARNING L16: UNCALLED SEGMENT, IGNORED FOR OVERLAY PROCESS
    SEGMENT: ?PR?LAYER2_VISIBLE?SD

*** WARNING L16: UNCALLED SEGMENT, IGNORED FOR OVERLAY PROCESS
    SEGMENT: ?PR?TRANSPARENT_MODE?SD

*** WARNING L16: UNCALLED SEGMENT, IGNORED FOR OVERLAY PROCESS
    SEGMENT: ?PR?LIGHTEN_OVERLAY_MODE?SD

*** WARNING L16: UNCALLED SEGMENT, IGNORED FOR OVERLAY PROCESS
    SEGMENT: ?PR?BOOLEAN_OR?SD

*** WARNING L16: UNCALLED SEGMENT, IGNORED FOR OVERLAY PROCESS
    SEGMENT: ?PR?BOOLEAN_AND?SD

*** WARNING L16: UNCALLED SEGMENT, IGNORED FOR OVERLAY PROCESS
    SEGMENT: ?PR?FLOATING_WINDOW_MODE?SD

*** WARNING L16: UNCALLED SEGMENT, IGNORED FOR OVERLAY PROCESS
    SEGMENT: ?PR?FLOATING_WINDOW_TRANSPARENT_WITH_BGTR_ENABLE?SD

*** WARNING L16: UNCALLED SEGMENT, IGNORED FOR OVERLAY PROCESS
    SEGMENT: ?PR?FLOATING_WINDOW_TRANSPARENT_WITH_BGTR_DISABLE?SD

*** WARNING L16: UNCALLED SEGMENT, IGNORED FOR OVERLAY PROCESS
    SEGMENT: ?PR?LAYER1_2_SCROLL?SD

*** WARNING L16: UNCALLED SEGMENT, IGNORED FOR OVERLAY PROCESS
    SEGMENT: ?PR?LAYER1_SCROLL?SD

*** WARNING L16: UNCALLED SEGMENT, IGNORED FOR OVERLAY PROCESS
    SEGMENT: ?PR?LAYER2_SCROLL?SD

*** WARNING L16: UNCALLED SEGMENT, IGNORED FOR OVERLAY PROCESS
    SEGMENT: ?PR?BUFFER_SCROLL?SD

*** WARNING L16: UNCALLED SEGMENT, IGNORED FOR OVERLAY PROCESS
    SEGMENT: ?PR?_LAYER2_1_TRANSPARENCY?SD

*** WARNING L16: UNCALLED SEGMENT, IGNORED FOR OVERLAY PROCESS
    SEGMENT: ?PR?_BTE_SOURCE_DESTINATION?SD
BL51 BANKED LINKER/LOCATER V5.02                                                      11/06/2013  20:19:18  PAGE 86



*** WARNING L16: UNCALLED SEGMENT, IGNORED FOR OVERLAY PROCESS
    SEGMENT: ?PR?SOURCE_LAYER1?SD

*** WARNING L16: UNCALLED SEGMENT, IGNORED FOR OVERLAY PROCESS
    SEGMENT: ?PR?SOURCE_LAYER2?SD

*** WARNING L16: UNCALLED SEGMENT, IGNORED FOR OVERLAY PROCESS
    SEGMENT: ?PR?DESTINATION_LAYER1?SD

*** WARNING L16: UNCALLED SEGMENT, IGNORED FOR OVERLAY PROCESS
    SEGMENT: ?PR?DESTINATION_LAYER2?SD

*** WARNING L16: UNCALLED SEGMENT, IGNORED FOR OVERLAY PROCESS
    SEGMENT: ?PR?_BTE_SIZE_SETTING?SD

*** WARNING L16: UNCALLED SEGMENT, IGNORED FOR OVERLAY PROCESS
    SEGMENT: ?PR?_BACKGROUND_COLOR?SD

*** WARNING L16: UNCALLED SEGMENT, IGNORED FOR OVERLAY PROCESS
    SEGMENT: ?PR?_TEXT_COLOR?SD

*** WARNING L16: UNCALLED SEGMENT, IGNORED FOR OVERLAY PROCESS
    SEGMENT: ?PR?_TEXT_BACKGROUND_COLOR?SD

*** WARNING L16: UNCALLED SEGMENT, IGNORED FOR OVERLAY PROCESS
    SEGMENT: ?PR?_TEXT_FOREGROUND_COLOR?SD

*** WARNING L16: UNCALLED SEGMENT, IGNORED FOR OVERLAY PROCESS
    SEGMENT: ?PR?_BTE_BACKGROUND_COLOR?SD

*** WARNING L16: UNCALLED SEGMENT, IGNORED FOR OVERLAY PROCESS
    SEGMENT: ?PR?_BTE_FOREGROUND_COLOR?SD

*** WARNING L16: UNCALLED SEGMENT, IGNORED FOR OVERLAY PROCESS
    SEGMENT: ?PR?_BTE_BACKGROUND_RED?SD

*** WARNING L16: UNCALLED SEGMENT, IGNORED FOR OVERLAY PROCESS
    SEGMENT: ?PR?_BTE_BACKGROUND_GREEN?SD

*** WARNING L16: UNCALLED SEGMENT, IGNORED FOR OVERLAY PROCESS
    SEGMENT: ?PR?_BTE_BACKGROUND_BLUE?SD

*** WARNING L16: UNCALLED SEGMENT, IGNORED FOR OVERLAY PROCESS
    SEGMENT: ?PR?_BTE_FOREGROUND_RED?SD

*** WARNING L16: UNCALLED SEGMENT, IGNORED FOR OVERLAY PROCESS
    SEGMENT: ?PR?_BTE_FOREGROUND_GREEN?SD

*** WARNING L16: UNCALLED SEGMENT, IGNORED FOR OVERLAY PROCESS
    SEGMENT: ?PR?_BTE_FOREGROUND_BLUE?SD

*** WARNING L16: UNCALLED SEGMENT, IGNORED FOR OVERLAY PROCESS
    SEGMENT: ?PR?PATTERN_SET_8X8?SD

*** WARNING L16: UNCALLED SEGMENT, IGNORED FOR OVERLAY PROCESS
    SEGMENT: ?PR?PATTERN_SET_16X16?SD
BL51 BANKED LINKER/LOCATER V5.02                                                      11/06/2013  20:19:18  PAGE 87



*** WARNING L16: UNCALLED SEGMENT, IGNORED FOR OVERLAY PROCESS
    SEGMENT: ?PR?_PATTERN_SET_NUMBER?SD

*** WARNING L16: UNCALLED SEGMENT, IGNORED FOR OVERLAY PROCESS
    SEGMENT: ?PR?_BACKGROUNDCOLOR_TRANSPARENTMODE?SD

*** WARNING L16: UNCALLED SEGMENT, IGNORED FOR OVERLAY PROCESS
    SEGMENT: ?PR?ENABLE_TP?SD

*** WARNING L16: UNCALLED SEGMENT, IGNORED FOR OVERLAY PROCESS
    SEGMENT: ?PR?DISABLE_TP?SD

*** WARNING L16: UNCALLED SEGMENT, IGNORED FOR OVERLAY PROCESS
    SEGMENT: ?PR?ENABLE_TOUCH_WAKEUP?SD

*** WARNING L16: UNCALLED SEGMENT, IGNORED FOR OVERLAY PROCESS
    SEGMENT: ?PR?DISABLE_TOUCH_WAKEUP?SD

*** WARNING L16: UNCALLED SEGMENT, IGNORED FOR OVERLAY PROCESS
    SEGMENT: ?PR?TP_MANUAL_MODE?SD

*** WARNING L16: UNCALLED SEGMENT, IGNORED FOR OVERLAY PROCESS
    SEGMENT: ?PR?TP_AUTO_MODE?SD

*** WARNING L16: UNCALLED SEGMENT, IGNORED FOR OVERLAY PROCESS
    SEGMENT: ?PR?TP_IDLE_MODE?SD

*** WARNING L16: UNCALLED SEGMENT, IGNORED FOR OVERLAY PROCESS
    SEGMENT: ?PR?TP_EVENT_MODE?SD

*** WARNING L16: UNCALLED SEGMENT, IGNORED FOR OVERLAY PROCESS
    SEGMENT: ?PR?TP_LATCH_X?SD

*** WARNING L16: UNCALLED SEGMENT, IGNORED FOR OVERLAY PROCESS
    SEGMENT: ?PR?TP_LATCH_Y?SD

*** WARNING L16: UNCALLED SEGMENT, IGNORED FOR OVERLAY PROCESS
    SEGMENT: ?PR?ADC_X?SD

*** WARNING L16: UNCALLED SEGMENT, IGNORED FOR OVERLAY PROCESS
    SEGMENT: ?PR?ADC_Y?SD

*** WARNING L16: UNCALLED SEGMENT, IGNORED FOR OVERLAY PROCESS
    SEGMENT: ?PR?ADC_XY?SD

*** WARNING L16: UNCALLED SEGMENT, IGNORED FOR OVERLAY PROCESS
    SEGMENT: ?PR?_GRAPHIC_CURSOR_COORDINATE?SD

*** WARNING L16: UNCALLED SEGMENT, IGNORED FOR OVERLAY PROCESS
    SEGMENT: ?PR?_GRAPHIC_CURSOR_COLOR_0?SD

*** WARNING L16: UNCALLED SEGMENT, IGNORED FOR OVERLAY PROCESS
    SEGMENT: ?PR?_GRAPHIC_CURSOR_COLOR_1?SD

*** WARNING L16: UNCALLED SEGMENT, IGNORED FOR OVERLAY PROCESS
    SEGMENT: ?PR?PWM1_DISABLE?SD
BL51 BANKED LINKER/LOCATER V5.02                                                      11/06/2013  20:19:18  PAGE 88



*** WARNING L16: UNCALLED SEGMENT, IGNORED FOR OVERLAY PROCESS
    SEGMENT: ?PR?PWM1_DISABLE_LEVEL_LOW?SD

*** WARNING L16: UNCALLED SEGMENT, IGNORED FOR OVERLAY PROCESS
    SEGMENT: ?PR?PWM1_DISABLE_LEVEL_HIGH?SD

*** WARNING L16: UNCALLED SEGMENT, IGNORED FOR OVERLAY PROCESS
    SEGMENT: ?PR?PWM1_SYSTEM_CLK_OUT?SD

*** WARNING L16: UNCALLED SEGMENT, IGNORED FOR OVERLAY PROCESS
    SEGMENT: ?PR?PWM2_ENABLE?SD

*** WARNING L16: UNCALLED SEGMENT, IGNORED FOR OVERLAY PROCESS
    SEGMENT: ?PR?PWM2_DISABLE?SD

*** WARNING L16: UNCALLED SEGMENT, IGNORED FOR OVERLAY PROCESS
    SEGMENT: ?PR?PWM2_DISABLE_LEVEL_LOW?SD

*** WARNING L16: UNCALLED SEGMENT, IGNORED FOR OVERLAY PROCESS
    SEGMENT: ?PR?PWM2_DISABLE_LEVEL_HIGH?SD

*** WARNING L16: UNCALLED SEGMENT, IGNORED FOR OVERLAY PROCESS
    SEGMENT: ?PR?PWM2_FNUCTION_SEL?SD

*** WARNING L16: UNCALLED SEGMENT, IGNORED FOR OVERLAY PROCESS
    SEGMENT: ?PR?PWM2_SYSTEM_CLK_OUT?SD

*** WARNING L16: UNCALLED SEGMENT, IGNORED FOR OVERLAY PROCESS
    SEGMENT: ?PR?_PWM2_CLOCK_RATIO?SD

*** WARNING L16: UNCALLED SEGMENT, IGNORED FOR OVERLAY PROCESS
    SEGMENT: ?PR?_PWM2_DUTY_CYCLE?SD

*** WARNING L16: UNCALLED SEGMENT, IGNORED FOR OVERLAY PROCESS
    SEGMENT: ?PR?STOP_MEMORY_CLEAR?SD

*** WARNING L16: UNCALLED SEGMENT, IGNORED FOR OVERLAY PROCESS
    SEGMENT: ?PR?MEMORY_CLEAR?SD

*** WARNING L16: UNCALLED SEGMENT, IGNORED FOR OVERLAY PROCESS
    SEGMENT: ?PR?CLEAR_ACTIVE_WINDOW?SD

*** WARNING L16: UNCALLED SEGMENT, IGNORED FOR OVERLAY PROCESS
    SEGMENT: ?PR?DRAW_LINE?SD

*** WARNING L16: UNCALLED SEGMENT, IGNORED FOR OVERLAY PROCESS
    SEGMENT: ?PR?DRAW_SQUARE?SD

*** WARNING L16: UNCALLED SEGMENT, IGNORED FOR OVERLAY PROCESS
    SEGMENT: ?PR?DRAW_SQUARE_FILL?SD

*** WARNING L16: UNCALLED SEGMENT, IGNORED FOR OVERLAY PROCESS
    SEGMENT: ?PR?DRAW_CIRCLE?SD

*** WARNING L16: UNCALLED SEGMENT, IGNORED FOR OVERLAY PROCESS
    SEGMENT: ?PR?DRAW_CIRCLE_FILL?SD
BL51 BANKED LINKER/LOCATER V5.02                                                      11/06/2013  20:19:18  PAGE 89



*** WARNING L16: UNCALLED SEGMENT, IGNORED FOR OVERLAY PROCESS
    SEGMENT: ?PR?DRAW_TRIANGLE?SD

*** WARNING L16: UNCALLED SEGMENT, IGNORED FOR OVERLAY PROCESS
    SEGMENT: ?PR?DRAW_TRIANGLE_FILL?SD

*** WARNING L16: UNCALLED SEGMENT, IGNORED FOR OVERLAY PROCESS
    SEGMENT: ?PR?_GEOMETRIC_COORDINATE?SD

*** WARNING L16: UNCALLED SEGMENT, IGNORED FOR OVERLAY PROCESS
    SEGMENT: ?PR?_CIRCLE_COORDINATE_RADIUS?SD

*** WARNING L16: UNCALLED SEGMENT, IGNORED FOR OVERLAY PROCESS
    SEGMENT: ?PR?DRAW_ELLIPSE?SD

*** WARNING L16: UNCALLED SEGMENT, IGNORED FOR OVERLAY PROCESS
    SEGMENT: ?PR?DRAW_ELLIPSE_CURVE?SD

*** WARNING L16: UNCALLED SEGMENT, IGNORED FOR OVERLAY PROCESS
    SEGMENT: ?PR?DRAW_ELLIPSE_CURVE_FILL?SD

*** WARNING L16: UNCALLED SEGMENT, IGNORED FOR OVERLAY PROCESS
    SEGMENT: ?PR?DRAW_ELLIPSE_FILL?SD

*** WARNING L16: UNCALLED SEGMENT, IGNORED FOR OVERLAY PROCESS
    SEGMENT: ?PR?DRAW_CIRCLE_SQUARE?SD

*** WARNING L16: UNCALLED SEGMENT, IGNORED FOR OVERLAY PROCESS
    SEGMENT: ?PR?DRAW_CIRCLE_SQUARE_FILL?SD

*** WARNING L16: UNCALLED SEGMENT, IGNORED FOR OVERLAY PROCESS
    SEGMENT: ?PR?_DRAW_ELLIPSE_CURVE_PART?SD

*** WARNING L16: UNCALLED SEGMENT, IGNORED FOR OVERLAY PROCESS
    SEGMENT: ?PR?_ELLIPSE_COORDINATE_SETTING?SD

*** WARNING L16: UNCALLED SEGMENT, IGNORED FOR OVERLAY PROCESS
    SEGMENT: ?PR?_CIRCLE_SQUARE_COORDINATE_SETTING?SD

*** WARNING L16: UNCALLED SEGMENT, IGNORED FOR OVERLAY PROCESS
    SEGMENT: ?PR?_DRAW_TRIANGLE_3POINT_COORDINATE?SD

*** WARNING L16: UNCALLED SEGMENT, IGNORED FOR OVERLAY PROCESS
    SEGMENT: ?PR?KEY_SCAN_ENABLE?SD

*** WARNING L16: UNCALLED SEGMENT, IGNORED FOR OVERLAY PROCESS
    SEGMENT: ?PR?_KEY_SCAN_SETTING?SD

*** WARNING L16: UNCALLED SEGMENT, IGNORED FOR OVERLAY PROCESS
    SEGMENT: ?PR?LONG_KEY_SCAN_ENABLE?SD

*** WARNING L16: UNCALLED SEGMENT, IGNORED FOR OVERLAY PROCESS
    SEGMENT: ?PR?KEY_SCAN_WAKEUP_FUNCTION_ENABLE?SD

*** WARNING L16: UNCALLED SEGMENT, IGNORED FOR OVERLAY PROCESS
    SEGMENT: ?PR?_LONG_KEY_TIMING_ADJUSTMENT?SD
BL51 BANKED LINKER/LOCATER V5.02                                                      11/06/2013  20:19:18  PAGE 90



*** WARNING L16: UNCALLED SEGMENT, IGNORED FOR OVERLAY PROCESS
    SEGMENT: ?PR?_FLOATING_WINDOW_START_POINT?SD

*** WARNING L16: UNCALLED SEGMENT, IGNORED FOR OVERLAY PROCESS
    SEGMENT: ?PR?_FLOATING_WINDOW_SIZE?SD

*** WARNING L16: UNCALLED SEGMENT, IGNORED FOR OVERLAY PROCESS
    SEGMENT: ?PR?_FLOATING_WINDOW_DISPLAY_POINT?SD

*** WARNING L16: UNCALLED SEGMENT, IGNORED FOR OVERLAY PROCESS
    SEGMENT: ?PR?SERIAL_ROM_DIRECT_ACCESS_MODE_ENABLE?SD

*** WARNING L16: UNCALLED SEGMENT, IGNORED FOR OVERLAY PROCESS
    SEGMENT: ?PR?SERIAL_ROM_DIRECT_ACCESS_MODE_DISABLE?SD

*** WARNING L16: UNCALLED SEGMENT, IGNORED FOR OVERLAY PROCESS
    SEGMENT: ?PR?DIRECT_ACCESS_MODE_READ_DATA_BUFFER?SD

*** WARNING L16: UNCALLED SEGMENT, IGNORED FOR OVERLAY PROCESS
    SEGMENT: ?PR?KEYSCAN_INTERRUPT_ENABLE?SD

*** WARNING L16: UNCALLED SEGMENT, IGNORED FOR OVERLAY PROCESS
    SEGMENT: ?PR?KEYSCAN_INTERRUPT_DISABLE?SD

*** WARNING L16: UNCALLED SEGMENT, IGNORED FOR OVERLAY PROCESS
    SEGMENT: ?PR?DMA_INTERRUPT_ENABLE?SD

*** WARNING L16: UNCALLED SEGMENT, IGNORED FOR OVERLAY PROCESS
    SEGMENT: ?PR?DMA_INTERRUPT_DISABLE?SD

*** WARNING L16: UNCALLED SEGMENT, IGNORED FOR OVERLAY PROCESS
    SEGMENT: ?PR?TOUCH_PANEL_INTERRUPT_ENABLE?SD

*** WARNING L16: UNCALLED SEGMENT, IGNORED FOR OVERLAY PROCESS
    SEGMENT: ?PR?TOUCH_PANEL_INTERRUPT_DISABLE?SD

*** WARNING L16: UNCALLED SEGMENT, IGNORED FOR OVERLAY PROCESS
    SEGMENT: ?PR?BTE_INTERRUPT_ENABLE?SD

*** WARNING L16: UNCALLED SEGMENT, IGNORED FOR OVERLAY PROCESS
    SEGMENT: ?PR?BTE_INTERRUPT_DISABLE?SD

*** WARNING L16: UNCALLED SEGMENT, IGNORED FOR OVERLAY PROCESS
    SEGMENT: ?PR?FONT_BTE_READ_WRITE_INTERRUPT_ENABLE?SD

*** WARNING L16: UNCALLED SEGMENT, IGNORED FOR OVERLAY PROCESS
    SEGMENT: ?PR?FONT_BTE_READ_WRITE_INTERRUPT_DISABLE?SD

*** WARNING L16: UNCALLED SEGMENT, IGNORED FOR OVERLAY PROCESS
    SEGMENT: ?PR?CLEAR_KEYSCAN_INTERRUPT?SD

*** WARNING L16: UNCALLED SEGMENT, IGNORED FOR OVERLAY PROCESS
    SEGMENT: ?PR?KEYSCAN_STATUS?SD

*** WARNING L16: UNCALLED SEGMENT, IGNORED FOR OVERLAY PROCESS
    SEGMENT: ?PR?CLEAR_DMA_INTERRUPT?SD
BL51 BANKED LINKER/LOCATER V5.02                                                      11/06/2013  20:19:18  PAGE 91



*** WARNING L16: UNCALLED SEGMENT, IGNORED FOR OVERLAY PROCESS
    SEGMENT: ?PR?DMA_STATUS?SD

*** WARNING L16: UNCALLED SEGMENT, IGNORED FOR OVERLAY PROCESS
    SEGMENT: ?PR?CLEAR_TP_INTERRUPT?SD

*** WARNING L16: UNCALLED SEGMENT, IGNORED FOR OVERLAY PROCESS
    SEGMENT: ?PR?TOUCH_STATUS?SD

*** WARNING L16: UNCALLED SEGMENT, IGNORED FOR OVERLAY PROCESS
    SEGMENT: ?PR?CLEAR_BTE_INTERRUPT?SD

*** WARNING L16: UNCALLED SEGMENT, IGNORED FOR OVERLAY PROCESS
    SEGMENT: ?PR?BTE_STATUS?SD

*** WARNING L16: UNCALLED SEGMENT, IGNORED FOR OVERLAY PROCESS
    SEGMENT: ?PR?CLEAR_FONT_BTE_READ_WRITE_INTERRUPT?SD

*** WARNING L16: UNCALLED SEGMENT, IGNORED FOR OVERLAY PROCESS
    SEGMENT: ?PR?FONT_BTE_READ_WRITE_STATUS?SD

*** WARNING L16: UNCALLED SEGMENT, IGNORED FOR OVERLAY PROCESS
    SEGMENT: ?PR?_SHOW_STRING?SD

*** WARNING L16: UNCALLED SEGMENT, IGNORED FOR OVERLAY PROCESS
    SEGMENT: ?PR?_SDWRITEBLOCK?SD

Program Size: data=9.0 xdata=626 code=56811
LINK/LOCATE RUN COMPLETE.  246 WARNING(S),  0 ERROR(S)
